Archive member included to satisfy reference by file (symbol)

/usr/lib/gcc/arm-none-eabi/14.2.0/../../../../arm-none-eabi/lib/thumb/v7e-m+fp/hard/libc_nano.a(libc_a-atexit.o)
                              /usr/lib/gcc/arm-none-eabi/14.2.0/../../../../arm-none-eabi/lib/thumb/v7e-m+fp/hard/crt0.o (atexit)
/usr/lib/gcc/arm-none-eabi/14.2.0/../../../../arm-none-eabi/lib/thumb/v7e-m+fp/hard/libc_nano.a(libc_a-exit.o)
                              /usr/lib/gcc/arm-none-eabi/14.2.0/../../../../arm-none-eabi/lib/thumb/v7e-m+fp/hard/crt0.o (exit)
/usr/lib/gcc/arm-none-eabi/14.2.0/../../../../arm-none-eabi/lib/thumb/v7e-m+fp/hard/libc_nano.a(libc_a-findfp.o)
                              /usr/lib/gcc/arm-none-eabi/14.2.0/../../../../arm-none-eabi/lib/thumb/v7e-m+fp/hard/libc_nano.a(libc_a-exit.o) (__stdio_exit_handler)
/usr/lib/gcc/arm-none-eabi/14.2.0/../../../../arm-none-eabi/lib/thumb/v7e-m+fp/hard/libc_nano.a(libc_a-fwalk.o)
                              /usr/lib/gcc/arm-none-eabi/14.2.0/../../../../arm-none-eabi/lib/thumb/v7e-m+fp/hard/libc_nano.a(libc_a-findfp.o) (_fwalk_sglue)
/usr/lib/gcc/arm-none-eabi/14.2.0/../../../../arm-none-eabi/lib/thumb/v7e-m+fp/hard/libc_nano.a(libc_a-sprintf.o)
                              build/main.o (sprintf)
/usr/lib/gcc/arm-none-eabi/14.2.0/../../../../arm-none-eabi/lib/thumb/v7e-m+fp/hard/libc_nano.a(libc_a-stdio.o)
                              /usr/lib/gcc/arm-none-eabi/14.2.0/../../../../arm-none-eabi/lib/thumb/v7e-m+fp/hard/libc_nano.a(libc_a-findfp.o) (__sread)
/usr/lib/gcc/arm-none-eabi/14.2.0/../../../../arm-none-eabi/lib/thumb/v7e-m+fp/hard/libc_nano.a(libc_a-memset.o)
                              /usr/lib/gcc/arm-none-eabi/14.2.0/../../../../arm-none-eabi/lib/thumb/v7e-m+fp/hard/crt0.o (memset)
/usr/lib/gcc/arm-none-eabi/14.2.0/../../../../arm-none-eabi/lib/thumb/v7e-m+fp/hard/libc_nano.a(libc_a-closer.o)
                              /usr/lib/gcc/arm-none-eabi/14.2.0/../../../../arm-none-eabi/lib/thumb/v7e-m+fp/hard/libc_nano.a(libc_a-stdio.o) (_close_r)
/usr/lib/gcc/arm-none-eabi/14.2.0/../../../../arm-none-eabi/lib/thumb/v7e-m+fp/hard/libc_nano.a(libc_a-reent.o)
                              /usr/lib/gcc/arm-none-eabi/14.2.0/../../../../arm-none-eabi/lib/thumb/v7e-m+fp/hard/libc_nano.a(libc_a-closer.o) (errno)
/usr/lib/gcc/arm-none-eabi/14.2.0/../../../../arm-none-eabi/lib/thumb/v7e-m+fp/hard/libc_nano.a(libc_a-impure.o)
                              /usr/lib/gcc/arm-none-eabi/14.2.0/../../../../arm-none-eabi/lib/thumb/v7e-m+fp/hard/libc_nano.a(libc_a-sprintf.o) (_impure_ptr)
/usr/lib/gcc/arm-none-eabi/14.2.0/../../../../arm-none-eabi/lib/thumb/v7e-m+fp/hard/libc_nano.a(libc_a-lseekr.o)
                              /usr/lib/gcc/arm-none-eabi/14.2.0/../../../../arm-none-eabi/lib/thumb/v7e-m+fp/hard/libc_nano.a(libc_a-stdio.o) (_lseek_r)
/usr/lib/gcc/arm-none-eabi/14.2.0/../../../../arm-none-eabi/lib/thumb/v7e-m+fp/hard/libc_nano.a(libc_a-readr.o)
                              /usr/lib/gcc/arm-none-eabi/14.2.0/../../../../arm-none-eabi/lib/thumb/v7e-m+fp/hard/libc_nano.a(libc_a-stdio.o) (_read_r)
/usr/lib/gcc/arm-none-eabi/14.2.0/../../../../arm-none-eabi/lib/thumb/v7e-m+fp/hard/libc_nano.a(libc_a-writer.o)
                              /usr/lib/gcc/arm-none-eabi/14.2.0/../../../../arm-none-eabi/lib/thumb/v7e-m+fp/hard/libc_nano.a(libc_a-stdio.o) (_write_r)
/usr/lib/gcc/arm-none-eabi/14.2.0/../../../../arm-none-eabi/lib/thumb/v7e-m+fp/hard/libc_nano.a(libc_a-errno.o)
                              build/sysmem.o (__errno)
/usr/lib/gcc/arm-none-eabi/14.2.0/../../../../arm-none-eabi/lib/thumb/v7e-m+fp/hard/libc_nano.a(libc_a-init.o)
                              /usr/lib/gcc/arm-none-eabi/14.2.0/../../../../arm-none-eabi/lib/thumb/v7e-m+fp/hard/crt0.o (__libc_init_array)
/usr/lib/gcc/arm-none-eabi/14.2.0/../../../../arm-none-eabi/lib/thumb/v7e-m+fp/hard/libc_nano.a(libc_a-fini.o)
                              /usr/lib/gcc/arm-none-eabi/14.2.0/../../../../arm-none-eabi/lib/thumb/v7e-m+fp/hard/crt0.o (__libc_fini_array)
/usr/lib/gcc/arm-none-eabi/14.2.0/../../../../arm-none-eabi/lib/thumb/v7e-m+fp/hard/libc_nano.a(libc_a-lock.o)
                              /usr/lib/gcc/arm-none-eabi/14.2.0/../../../../arm-none-eabi/lib/thumb/v7e-m+fp/hard/libc_nano.a(libc_a-findfp.o) (__retarget_lock_init_recursive)
/usr/lib/gcc/arm-none-eabi/14.2.0/../../../../arm-none-eabi/lib/thumb/v7e-m+fp/hard/libc_nano.a(libc_a-__atexit.o)
                              /usr/lib/gcc/arm-none-eabi/14.2.0/../../../../arm-none-eabi/lib/thumb/v7e-m+fp/hard/libc_nano.a(libc_a-atexit.o) (__register_exitproc)
/usr/lib/gcc/arm-none-eabi/14.2.0/../../../../arm-none-eabi/lib/thumb/v7e-m+fp/hard/libc_nano.a(libc_a-__call_atexit.o)
                              /usr/lib/gcc/arm-none-eabi/14.2.0/../../../../arm-none-eabi/lib/thumb/v7e-m+fp/hard/libc_nano.a(libc_a-__atexit.o) (__call_exitprocs)
/usr/lib/gcc/arm-none-eabi/14.2.0/../../../../arm-none-eabi/lib/thumb/v7e-m+fp/hard/libc_nano.a(libc_a-freer.o)
[...]
Memory Configuration

Name             Origin             Length             Attributes
RAM              0x20000000         0x00020000         xrw
FLASH            0x08000000         0x00080000         xr
*default*        0x00000000         0xffffffff

Linker script and memory map

LOAD /usr/lib/gcc/arm-none-eabi/14.2.0/thumb/v7e-m+fp/hard/crti.o
LOAD /usr/lib/gcc/arm-none-eabi/14.2.0/thumb/v7e-m+fp/hard/crtbegin.o
LOAD /usr/lib/gcc/arm-none-eabi/14.2.0/../../../../arm-none-eabi/lib/thumb/v7e-m+fp/hard/crt0.o
LOAD build/main.o
LOAD build/dht11.o
LOAD build/uart.o
LOAD build/uart_stm32f466.o
LOAD build/lcd_hd44780.o
LOAD build/i2c_interface.o
LOAD build/button.o
LOAD build/clock.o
LOAD build/stm32f4xx_it.o
LOAD build/stm32f4xx_hal_msp.o
LOAD build/stm32f4xx_hal_uart.o
LOAD build/stm32f4xx_hal_rcc.o
LOAD build/stm32f4xx_hal_rcc_ex.o
LOAD build/stm32f4xx_hal_flash.o
LOAD build/stm32f4xx_hal_flash_ex.o
LOAD build/stm32f4xx_hal_flash_ramfunc.o
LOAD build/stm32f4xx_hal_gpio.o
LOAD build/stm32f4xx_hal_dma_ex.o
LOAD build/stm32f4xx_hal_dma.o
LOAD build/stm32f4xx_hal_pwr.o
LOAD build/stm32f4xx_hal_pwr_ex.o
LOAD build/stm32f4xx_hal_cortex.o
LOAD build/stm32f4xx_hal.o
LOAD build/stm32f4xx_hal_exti.o
LOAD build/system_stm32f4xx.o
LOAD build/sysmem.o
LOAD build/syscalls.o
LOAD build/stm32f4xx_hal_i2c.o
LOAD build/stm32f4xx_hal_i2c_ex.o
LOAD build/stm32f4xx_hal_rtc.o
LOAD build/stm32f4xx_hal_rtc_ex.o
LOAD build/stm32f4xx_hal_tim.o
LOAD build/stm32f4xx_hal_tim_ex.o
LOAD build/startup_stm32f446xx.o
LOAD /usr/lib/gcc/arm-none-eabi/14.2.0/../../../../arm-none-eabi/lib/thumb/v7e-m+fp/hard/libc_nano.a
LOAD /usr/lib/gcc/arm-none-eabi/14.2.0/../../../../arm-none-eabi/lib/thumb/v7e-m+fp/hard/libm.a
LOAD /usr/lib/gcc/arm-none-eabi/14.2.0/../../../../arm-none-eabi/lib/thumb/v7e-m+fp/hard/libnosys.a
START GROUP
LOAD /usr/lib/gcc/arm-none-eabi/14.2.0/thumb/v7e-m+fp/hard/libgcc.a
LOAD /usr/lib/gcc/arm-none-eabi/14.2.0/../../../../arm-none-eabi/lib/thumb/v7e-m+fp/hard/libc_nano.a
END GROUP
START GROUP
LOAD /usr/lib/gcc/arm-none-eabi/14.2.0/thumb/v7e-m+fp/hard/libgcc.a
LOAD /usr/lib/gcc/arm-none-eabi/14.2.0/../../../../arm-none-eabi/lib/thumb/v7e-m+fp/hard/libc_nano.a
END GROUP
LOAD /usr/lib/gcc/arm-none-eabi/14.2.0/thumb/v7e-m+fp/hard/crtend.o
LOAD /usr/lib/gcc/arm-none-eabi/14.2.0/thumb/v7e-m+fp/hard/crtn.o
                0x20020000                        _estack = (ORIGIN (RAM) + LENGTH (RAM))
                0x2001fc00                        _sstack = (_estack - _Min_Stack_Size)
                0x00000200                        _Min_Heap_Size = 0x200
                0x00000400                        _Min_Stack_Size = 0x400

.isr_vector     0x08000000      0x1c4
                0x08000000                        . = ALIGN (0x4)
 *(.isr_vector)
 .isr_vector    0x08000000      0x1c4 build/startup_stm32f446xx.o
                0x08000000                g_pfnVectors
                0x080001c4                        . = ALIGN (0x4)

.text           0x080001d0     0x4078
                0x080001d0                        . = ALIGN (0x4)
 *(.text)
 .text          0x080001d0       0xa0 /usr/lib/gcc/arm-none-eabi/14.2.0/../../../../arm-none-eabi/lib/thumb/v7e-m+fp/hard/libc_nano.a(libc_a-memchr.o)
                0x080001d0                memchr
 .text          0x08000270       0x30 /usr/lib/gcc/arm-none-eabi/14.2.0/thumb/v7e-m+fp/hard/libgcc.a(_aeabi_uldivmod.o)
                0x08000270                __aeabi_uldivmod
 .text          0x080002a0        0x4 /usr/lib/gcc/arm-none-eabi/14.2.0/thumb/v7e-m+fp/hard/libgcc.a(_dvmd_tls.o)
                0x080002a0                __aeabi_ldiv0
                0x080002a0                __aeabi_idiv0
 *(.text*)
 .text.__do_global_dtors_aux
                0x080002a4       0x24 /usr/lib/gcc/arm-none-eabi/14.2.0/thumb/v7e-m+fp/hard/crtbegin.o
 .text.frame_dummy
                0x080002c8       0x1c /usr/lib/gcc/arm-none-eabi/14.2.0/thumb/v7e-m+fp/hard/crtbegin.o
 .text.MX_GPIO_Init
                0x080002e4       0xd0 build/main.o
 .text.HAL_TIM_PeriodElapsedCallback
                0x080003b4       0x34 build/main.o
                0x080003b4                HAL_TIM_PeriodElapsedCallback
 .text.HAL_TIM_IC_CaptureCallback
                0x080003e8       0x18 build/main.o
                0x080003e8                HAL_TIM_IC_CaptureCallback
 .text.Error_Handler
                0x08000400        0x4 build/main.o
                0x08000400                Error_Handler
 .text.MX_USART2_UART_Init
                0x08000404       0x34 build/main.o
 .text.MX_I2C1_Init
                0x08000438       0x38 build/main.o
 .text.MX_RTC_Init
                0x08000470       0xc0 build/main.o
 .text.MX_TIM2_Init
                0x08000530       0x6c build/main.o
 .text.MX_TIM3_Init
                0x0800059c       0x98 build/main.o
 .text.SystemClock_Config
                0x08000634       0xa8 build/main.o
                0x08000634                SystemClock_Config
 .text.main     0x080006dc      0x144 build/main.o
                0x080006dc                main
 .text.DHT_init
                0x08000820       0x18 build/dht11.o
                0x08000820                DHT_init
 .text.DHT_Start
                0x08000838       0x74 build/dht11.o
                0x08000838                DHT_Start
 .text.DHT_Read
                0x080008ac       0x28 build/dht11.o
                0x080008ac                DHT_Read
 .text.DHT_Get_Results
                0x080008d4       0x58 build/dht11.o
                0x080008d4                DHT_Get_Results
 .text.DHT_TIM_IC_CaptureCallback
                0x0800092c       0x78 build/dht11.o
                0x0800092c                DHT_TIM_IC_CaptureCallback
 .text.uart_init
                0x080009a4        0x8 build/uart.o
                0x080009a4                uart_init
 .text.MX_USART2_UART_Init
                0x080009ac       0x34 build/uart_stm32f466.o
 .text.platform_uart_init
                0x080009e0        0x8 build/uart_stm32f466.o
                0x080009e0                platform_uart_init
 .text.LCD_Write_Nibble
                0x080009e8       0x34 build/lcd_hd44780.o
                0x080009e8                LCD_Write_Nibble
 .text.LCD_Send_Byte
                0x08000a1c       0x18 build/lcd_hd44780.o
                0x08000a1c                LCD_Send_Byte
 .text.LCD_Clear
                0x08000a34       0x12 build/lcd_hd44780.o
                0x08000a34                LCD_Clear
 .text.LCD_Send_String
                0x08000a46       0x16 build/lcd_hd44780.o
                0x08000a46                LCD_Send_String
 .text.LCD_Init
                0x08000a5c       0x70 build/lcd_hd44780.o
                0x08000a5c                LCD_Init
 .text.LCD_Set_Cursor
                0x08000acc       0x28 build/lcd_hd44780.o
                0x08000acc                LCD_Set_Cursor
 .text.I2C_Interface_Write
                0x08000af4       0x28 build/i2c_interface.o
                0x08000af4                I2C_Interface_Write
 .text.increaseButtonPressed
                0x08000b1c       0x60 build/button.o
                0x08000b1c                increaseButtonPressed
 .text.decreaseButtonPressed
                0x08000b7c       0x54 build/button.o
                0x08000b7c                decreaseButtonPressed
 .text.Button_Scan
                0x08000bd0       0x2c build/button.o
                0x08000bd0                Button_Scan
 .text.SetTime  0x08000bfc       0x20 build/clock.o
                0x08000bfc                SetTime
 .text.NMI_Handler
                0x08000c1c        0x2 build/stm32f4xx_it.o
                0x08000c1c                NMI_Handler
 .text.HardFault_Handler
                0x08000c1e        0x2 build/stm32f4xx_it.o
                0x08000c1e                HardFault_Handler
 .text.MemManage_Handler
                0x08000c20        0x2 build/stm32f4xx_it.o
                0x08000c20                MemManage_Handler
 .text.BusFault_Handler
                0x08000c22        0x2 build/stm32f4xx_it.o
                0x08000c22                BusFault_Handler
 .text.UsageFault_Handler
                0x08000c24        0x2 build/stm32f4xx_it.o
                0x08000c24                UsageFault_Handler
 .text.SVC_Handler
                0x08000c26        0x2 build/stm32f4xx_it.o
                0x08000c26                SVC_Handler
 .text.DebugMon_Handler
                0x08000c28        0x2 build/stm32f4xx_it.o
                0x08000c28                DebugMon_Handler
 .text.PendSV_Handler
                0x08000c2a        0x2 build/stm32f4xx_it.o
                0x08000c2a                PendSV_Handler
 .text.SysTick_Handler
                0x08000c2c        0x8 build/stm32f4xx_it.o
                0x08000c2c                SysTick_Handler
 .text.TIM2_IRQHandler
                0x08000c34       0x10 build/stm32f4xx_it.o
                0x08000c34                TIM2_IRQHandler
 .text.TIM3_IRQHandler
                0x08000c44       0x10 build/stm32f4xx_it.o
                0x08000c44                TIM3_IRQHandler
 .text.RTC_Alarm_IRQHandler
                0x08000c54       0x10 build/stm32f4xx_it.o
                0x08000c54                RTC_Alarm_IRQHandler
 .text.HAL_MspInit
                0x08000c64       0x40 build/stm32f4xx_hal_msp.o
                0x08000c64                HAL_MspInit
 .text.HAL_I2C_MspInit
                0x08000ca4       0x70 build/stm32f4xx_hal_msp.o
                0x08000ca4                HAL_I2C_MspInit
 .text.HAL_RTC_MspInit
                0x08000d14       0x58 build/stm32f4xx_hal_msp.o
                0x08000d14                HAL_RTC_MspInit
 .text.HAL_TIM_Base_MspInit
                0x08000d6c       0xac build/stm32f4xx_hal_msp.o
                0x08000d6c                HAL_TIM_Base_MspInit
 .text.HAL_UART_MspInit
                0x08000e18       0x70 build/stm32f4xx_hal_msp.o
                0x08000e18                HAL_UART_MspInit
 .text.UART_SetConfig
                0x08000e88      0x110 build/stm32f4xx_hal_uart.o
 .text.HAL_UART_Init
                0x08000f98       0x60 build/stm32f4xx_hal_uart.o
                0x08000f98                HAL_UART_Init
 .text.HAL_RCC_ClockConfig
                0x08000ff8      0x160 build/stm32f4xx_hal_rcc.o
                0x08000ff8                HAL_RCC_ClockConfig
 .text.HAL_RCC_GetHCLKFreq
                0x08001158        0xc build/stm32f4xx_hal_rcc.o
                0x08001158                HAL_RCC_GetHCLKFreq
 .text.HAL_RCC_GetPCLK1Freq
                0x08001164       0x20 build/stm32f4xx_hal_rcc.o
                0x08001164                HAL_RCC_GetPCLK1Freq
 .text.HAL_RCC_GetPCLK2Freq
                0x08001184       0x20 build/stm32f4xx_hal_rcc.o
                0x08001184                HAL_RCC_GetPCLK2Freq
 .text.HAL_RCCEx_PeriphCLKConfig
                0x080011a4      0x474 build/stm32f4xx_hal_rcc_ex.o
                0x080011a4                HAL_RCCEx_PeriphCLKConfig
 .text.HAL_RCC_GetSysClockFreq
                0x08001618      0x190 build/stm32f4xx_hal_rcc_ex.o
                0x08001618                HAL_RCC_GetSysClockFreq
 .text.HAL_RCC_OscConfig
                0x080017a8      0x444 build/stm32f4xx_hal_rcc_ex.o
                0x080017a8                HAL_RCC_OscConfig
 .text.HAL_GPIO_Init
                0x08001bec      0x1e0 build/stm32f4xx_hal_gpio.o
                0x08001bec                HAL_GPIO_Init
 .text.HAL_GPIO_ReadPin
                0x08001dcc        0xe build/stm32f4xx_hal_gpio.o
                0x08001dcc                HAL_GPIO_ReadPin
 .text.HAL_GPIO_WritePin
                0x08001dda        0xc build/stm32f4xx_hal_gpio.o
                0x08001dda                HAL_GPIO_WritePin
 *fill*         0x08001de6        0x2 
 .text.__NVIC_EnableIRQ
                0x08001de8       0x1c build/stm32f4xx_hal_cortex.o
 .text.__NVIC_SetPriority
                0x08001e04       0x28 build/stm32f4xx_hal_cortex.o
 .text.NVIC_EncodePriority
                0x08001e2c       0x3e build/stm32f4xx_hal_cortex.o
 *fill*         0x08001e6a        0x2 
 .text.HAL_NVIC_SetPriorityGrouping
                0x08001e6c       0x24 build/stm32f4xx_hal_cortex.o
                0x08001e6c                HAL_NVIC_SetPriorityGrouping
 .text.HAL_NVIC_SetPriority
                0x08001e90       0x20 build/stm32f4xx_hal_cortex.o
                0x08001e90                HAL_NVIC_SetPriority
 .text.HAL_NVIC_EnableIRQ
                0x08001eb0        0x8 build/stm32f4xx_hal_cortex.o
                0x08001eb0                HAL_NVIC_EnableIRQ
 .text.HAL_SYSTICK_Config
                0x08001eb8       0x28 build/stm32f4xx_hal_cortex.o
                0x08001eb8                HAL_SYSTICK_Config
 .text.HAL_InitTick
                0x08001ee0       0x4c build/stm32f4xx_hal.o
                0x08001ee0                HAL_InitTick
 .text.HAL_Init
                0x08001f2c       0x34 build/stm32f4xx_hal.o
                0x08001f2c                HAL_Init
 .text.HAL_IncTick
                0x08001f60       0x18 build/stm32f4xx_hal.o
                0x08001f60                HAL_IncTick
 .text.HAL_GetTick
                0x08001f78        0xc build/stm32f4xx_hal.o
                0x08001f78                HAL_GetTick
 .text.HAL_Delay
                0x08001f84       0x28 build/stm32f4xx_hal.o
                0x08001f84                HAL_Delay
 .text.SystemInit
                0x08001fac       0x14 build/system_stm32f4xx.o
                0x08001fac                SystemInit
 .text._sbrk    0x08001fc0       0x48 build/sysmem.o
                0x08001fc0                _sbrk
 .text.I2C_IsAcknowledgeFailed
                0x08002008       0x32 build/stm32f4xx_hal_i2c.o
 .text.I2C_WaitOnFlagUntilTimeout
                0x0800203a       0xaa build/stm32f4xx_hal_i2c.o
 .text.I2C_WaitOnMasterAddressFlagUntilTimeout
                0x080020e4       0xd6 build/stm32f4xx_hal_i2c.o
 *fill*         0x080021ba        0x2 
 .text.I2C_MasterRequestWrite
                0x080021bc       0xb4 build/stm32f4xx_hal_i2c.o
 .text.I2C_WaitOnTXEFlagUntilTimeout
                0x08002270       0x5e build/stm32f4xx_hal_i2c.o
 .text.I2C_WaitOnBTFFlagUntilTimeout
                0x080022ce       0x5e build/stm32f4xx_hal_i2c.o
 .text.HAL_I2C_Init
                0x0800232c      0x1bc build/stm32f4xx_hal_i2c.o
                0x0800232c                HAL_I2C_Init
 .text.HAL_I2C_Master_Transmit
                0x080024e8      0x174 build/stm32f4xx_hal_i2c.o
                0x080024e8                HAL_I2C_Master_Transmit
 .text.HAL_RTC_AlarmAEventCallback
                0x0800265c        0x2 build/stm32f4xx_hal_rtc.o
                0x0800265c                HAL_RTC_AlarmAEventCallback
 *fill*         0x0800265e        0x2 
 .text.HAL_RTC_AlarmIRQHandler
                0x08002660       0x5c build/stm32f4xx_hal_rtc.o
                0x08002660                HAL_RTC_AlarmIRQHandler
 .text.HAL_RTC_WaitForSynchro
                0x080026bc       0x34 build/stm32f4xx_hal_rtc.o
                0x080026bc                HAL_RTC_WaitForSynchro
 .text.RTC_EnterInitMode
                0x080026f0       0x46 build/stm32f4xx_hal_rtc.o
                0x080026f0                RTC_EnterInitMode
 .text.RTC_ExitInitMode
                0x08002736       0x2a build/stm32f4xx_hal_rtc.o
                0x08002736                RTC_ExitInitMode
 .text.HAL_RTC_Init
                0x08002760       0x9e build/stm32f4xx_hal_rtc.o
                0x08002760                HAL_RTC_Init
 .text.RTC_ByteToBcd2
                0x080027fe       0x16 build/stm32f4xx_hal_rtc.o
                0x080027fe                RTC_ByteToBcd2
 .text.HAL_RTC_SetTime
                0x08002814       0xc0 build/stm32f4xx_hal_rtc.o
                0x08002814                HAL_RTC_SetTime
 .text.HAL_RTC_SetDate
                0x080028d4       0x9c build/stm32f4xx_hal_rtc.o
                0x080028d4                HAL_RTC_SetDate
 .text.HAL_RTC_SetAlarm_IT
                0x08002970      0x1b8 build/stm32f4xx_hal_rtc.o
                0x08002970                HAL_RTC_SetAlarm_IT
 .text.RTC_Bcd2ToByte
                0x08002b28       0x12 build/stm32f4xx_hal_rtc.o
                0x08002b28                RTC_Bcd2ToByte
 .text.HAL_RTC_GetTime
                0x08002b3a       0x4c build/stm32f4xx_hal_rtc.o
                0x08002b3a                HAL_RTC_GetTime
 .text.HAL_RTC_GetDate
                0x08002b86       0x3c build/stm32f4xx_hal_rtc.o
                0x08002b86                HAL_RTC_GetDate
 .text.HAL_RTCEx_AlarmBEventCallback
                0x08002bc2        0x2 build/stm32f4xx_hal_rtc_ex.o
                0x08002bc2                HAL_RTCEx_AlarmBEventCallback
 .text.TIM_TI1_ConfigInputStage
                0x08002bc4       0x26 build/stm32f4xx_hal_tim.o
 .text.TIM_TI2_SetConfig
                0x08002bea       0x36 build/stm32f4xx_hal_tim.o
 .text.TIM_TI2_ConfigInputStage
                0x08002c20       0x28 build/stm32f4xx_hal_tim.o
 .text.TIM_TI3_SetConfig
                0x08002c48       0x36 build/stm32f4xx_hal_tim.o
 .text.TIM_TI4_SetConfig
                0x08002c7e       0x36 build/stm32f4xx_hal_tim.o
 .text.TIM_ITRx_SetConfig
                0x08002cb4       0x10 build/stm32f4xx_hal_tim.o
 .text.HAL_TIM_Base_Start_IT
                0x08002cc4       0x84 build/stm32f4xx_hal_tim.o
                0x08002cc4                HAL_TIM_Base_Start_IT
 .text.HAL_TIM_IC_MspInit
                0x08002d48        0x2 build/stm32f4xx_hal_tim.o
                0x08002d48                HAL_TIM_IC_MspInit
 .text.HAL_TIM_ReadCapturedValue
                0x08002d4a       0x32 build/stm32f4xx_hal_tim.o
                0x08002d4a                HAL_TIM_ReadCapturedValue
 .text.HAL_TIM_OC_DelayElapsedCallback
                0x08002d7c        0x2 build/stm32f4xx_hal_tim.o
                0x08002d7c                HAL_TIM_OC_DelayElapsedCallback
 .text.HAL_TIM_PWM_PulseFinishedCallback
                0x08002d7e        0x2 build/stm32f4xx_hal_tim.o
                0x08002d7e                HAL_TIM_PWM_PulseFinishedCallback
 .text.HAL_TIM_TriggerCallback
                0x08002d80        0x2 build/stm32f4xx_hal_tim.o
                0x08002d80                HAL_TIM_TriggerCallback
 .text.HAL_TIM_IRQHandler
                0x08002d82      0x15e build/stm32f4xx_hal_tim.o
                0x08002d82                HAL_TIM_IRQHandler
 .text.TIM_Base_SetConfig
                0x08002ee0       0xd0 build/stm32f4xx_hal_tim.o
                0x08002ee0                TIM_Base_SetConfig
 .text.HAL_TIM_Base_Init
                0x08002fb0       0x58 build/stm32f4xx_hal_tim.o
                0x08002fb0                HAL_TIM_Base_Init
 .text.HAL_TIM_IC_Init
                0x08003008       0x58 build/stm32f4xx_hal_tim.o
                0x08003008                HAL_TIM_IC_Init
 .text.TIM_TI1_SetConfig
                0x08003060       0x7c build/stm32f4xx_hal_tim.o
                0x08003060                TIM_TI1_SetConfig
 .text.HAL_TIM_IC_ConfigChannel
                0x080030dc       0xcc build/stm32f4xx_hal_tim.o
                0x080030dc                HAL_TIM_IC_ConfigChannel
 .text.TIM_ETR_SetConfig
                0x080031a8       0x1a build/stm32f4xx_hal_tim.o
                0x080031a8                TIM_ETR_SetConfig
 .text.HAL_TIM_ConfigClockSource
                0x080031c2       0xfe build/stm32f4xx_hal_tim.o
                0x080031c2                HAL_TIM_ConfigClockSource
 .text.TIM_CCxChannelCmd
                0x080032c0       0x1e build/stm32f4xx_hal_tim.o
                0x080032c0                TIM_CCxChannelCmd
 *fill*         0x080032de        0x2 
 .text.HAL_TIM_IC_Start_IT
                0x080032e0      0x198 build/stm32f4xx_hal_tim.o
                0x080032e0                HAL_TIM_IC_Start_IT
 .text.HAL_TIM_IC_Stop_IT
                0x08003478       0xca build/stm32f4xx_hal_tim.o
                0x08003478                HAL_TIM_IC_Stop_IT
 *fill*         0x08003542        0x2 
 .text.HAL_TIMEx_MasterConfigSynchronization
                0x08003544       0x8c build/stm32f4xx_hal_tim_ex.o
                0x08003544                HAL_TIMEx_MasterConfigSynchronization
 .text.HAL_TIMEx_CommutCallback
                0x080035d0        0x2 build/stm32f4xx_hal_tim_ex.o
                0x080035d0                HAL_TIMEx_CommutCallback
 .text.HAL_TIMEx_BreakCallback
                0x080035d2        0x2 build/stm32f4xx_hal_tim_ex.o
                0x080035d2                HAL_TIMEx_BreakCallback
 .text.Reset_Handler
                0x080035d4       0x50 build/startup_stm32f446xx.o
                0x080035d4                Reset_Handler
 .text.Default_Handler
                0x08003624        0x2 build/startup_stm32f446xx.o
                0x08003624                EXTI2_IRQHandler
                0x08003624                TIM8_CC_IRQHandler
                0x08003624                FMPI2C1_EV_IRQHandler
                0x08003624                SPI4_IRQHandler
                0x08003624                TIM1_CC_IRQHandler
                0x08003624                DMA2_Stream5_IRQHandler
                0x08003624                DMA1_Stream5_IRQHandler
                0x08003624                PVD_IRQHandler
                0x08003624                SDIO_IRQHandler
                0x08003624                TAMP_STAMP_IRQHandler
                0x08003624                CAN2_RX1_IRQHandler
                0x08003624                EXTI3_IRQHandler
                0x08003624                TIM8_TRG_COM_TIM14_IRQHandler
                0x08003624                TIM1_UP_TIM10_IRQHandler
                0x08003624                TIM8_UP_TIM13_IRQHandler
                0x08003624                I2C3_ER_IRQHandler
                0x08003624                EXTI0_IRQHandler
                0x08003624                I2C2_EV_IRQHandler
                0x08003624                DMA1_Stream2_IRQHandler
                0x08003624                CAN1_RX0_IRQHandler
                0x08003624                FPU_IRQHandler
                0x08003624                OTG_HS_WKUP_IRQHandler
                0x08003624                CAN2_SCE_IRQHandler
                0x08003624                DMA2_Stream2_IRQHandler
                0x08003624                SPI1_IRQHandler
                0x08003624                TIM6_DAC_IRQHandler
                0x08003624                TIM1_BRK_TIM9_IRQHandler
                0x08003624                DCMI_IRQHandler
                0x08003624                CAN2_RX0_IRQHandler
                0x08003624                DMA2_Stream3_IRQHandler
                0x08003624                SAI2_IRQHandler
                0x08003624                USART6_IRQHandler
                0x08003624                USART3_IRQHandler
                0x08003624                CAN1_RX1_IRQHandler
                0x08003624                UART5_IRQHandler
                0x08003624                DMA2_Stream0_IRQHandler
                0x08003624                TIM4_IRQHandler
                0x08003624                QUADSPI_IRQHandler
                0x08003624                I2C1_EV_IRQHandler
                0x08003624                DMA1_Stream6_IRQHandler
                0x08003624                DMA1_Stream1_IRQHandler
                0x08003624                UART4_IRQHandler
                0x08003624                RCC_IRQHandler
                0x08003624                TIM8_BRK_TIM12_IRQHandler
                0x08003624                Default_Handler
                0x08003624                CEC_IRQHandler
                0x08003624                EXTI15_10_IRQHandler
                0x08003624                ADC_IRQHandler
                0x08003624                DMA1_Stream7_IRQHandler
                0x08003624                TIM7_IRQHandler
                0x08003624                CAN2_TX_IRQHandler
                0x08003624                TIM5_IRQHandler
                0x08003624                DMA2_Stream7_IRQHandler
                0x08003624                I2C3_EV_IRQHandler
                0x08003624                EXTI9_5_IRQHandler
                0x08003624                RTC_WKUP_IRQHandler
                0x08003624                SPDIF_RX_IRQHandler
                0x08003624                SPI2_IRQHandler
                0x08003624                OTG_HS_EP1_IN_IRQHandler
                0x08003624                DMA1_Stream0_IRQHandler
                0x08003624                CAN1_TX_IRQHandler
                0x08003624                FMPI2C1_ER_IRQHandler
                0x08003624                EXTI4_IRQHandler
                0x08003624                OTG_HS_EP1_OUT_IRQHandler
                0x08003624                WWDG_IRQHandler
                0x08003624                OTG_FS_WKUP_IRQHandler
                0x08003624                TIM1_TRG_COM_TIM11_IRQHandler
                0x08003624                OTG_HS_IRQHandler
                0x08003624                EXTI1_IRQHandler
                0x08003624                USART2_IRQHandler
                0x08003624                I2C2_ER_IRQHandler
                0x08003624                DMA2_Stream1_IRQHandler
                0x08003624                CAN1_SCE_IRQHandler
                0x08003624                FLASH_IRQHandler
                0x08003624                DMA2_Stream4_IRQHandler
                0x08003624                USART1_IRQHandler
                0x08003624                OTG_FS_IRQHandler
                0x08003624                SPI3_IRQHandler
                0x08003624                DMA1_Stream4_IRQHandler
                0x08003624                I2C1_ER_IRQHandler
                0x08003624                FMC_IRQHandler
                0x08003624                DMA2_Stream6_IRQHandler
                0x08003624                SAI1_IRQHandler
                0x08003624                DMA1_Stream3_IRQHandler
 *fill*         0x08003626        0x2 
 .text.sprintf  0x08003628       0x44 /usr/lib/gcc/arm-none-eabi/14.2.0/../../../../arm-none-eabi/lib/thumb/v7e-m+fp/hard/libc_nano.a(libc_a-sprintf.o)
                0x08003628                sprintf
                0x08003628                siprintf
 .text.memset   0x0800366c       0x10 /usr/lib/gcc/arm-none-eabi/14.2.0/../../../../arm-none-eabi/lib/thumb/v7e-m+fp/hard/libc_nano.a(libc_a-memset.o)
                0x0800366c                memset
 .text.__errno  0x0800367c        0xc /usr/lib/gcc/arm-none-eabi/14.2.0/../../../../arm-none-eabi/lib/thumb/v7e-m+fp/hard/libc_nano.a(libc_a-errno.o)
                0x0800367c                __errno
 .text.__libc_init_array
                0x08003688       0x48 /usr/lib/gcc/arm-none-eabi/14.2.0/../../../../arm-none-eabi/lib/thumb/v7e-m+fp/hard/libc_nano.a(libc_a-init.o)
                0x08003688                __libc_init_array
 .text.__retarget_lock_acquire_recursive
                0x080036d0        0x2 /usr/lib/gcc/arm-none-eabi/14.2.0/../../../../arm-none-eabi/lib/thumb/v7e-m+fp/hard/libc_nano.a(libc_a-lock.o)
                0x080036d0                __retarget_lock_acquire_recursive
 .text.__retarget_lock_release_recursive
                0x080036d2        0x2 /usr/lib/gcc/arm-none-eabi/14.2.0/../../../../arm-none-eabi/lib/thumb/v7e-m+fp/hard/libc_nano.a(libc_a-lock.o)
                0x080036d2                __retarget_lock_release_recursive
 .text._free_r  0x080036d4       0x94 /usr/lib/gcc/arm-none-eabi/14.2.0/../../../../arm-none-eabi/lib/thumb/v7e-m+fp/hard/libc_nano.a(libc_a-freer.o)
                0x080036d4                _free_r
 .text.sbrk_aligned
                0x08003768       0x44 /usr/lib/gcc/arm-none-eabi/14.2.0/../../../../arm-none-eabi/lib/thumb/v7e-m+fp/hard/libc_nano.a(libc_a-mallocr.o)
 .text._malloc_r
                0x080037ac      0x100 /usr/lib/gcc/arm-none-eabi/14.2.0/../../../../arm-none-eabi/lib/thumb/v7e-m+fp/hard/libc_nano.a(libc_a-mallocr.o)
                0x080037ac                _malloc_r
 .text.__malloc_lock
                0x080038ac        0xc /usr/lib/gcc/arm-none-eabi/14.2.0/../../../../arm-none-eabi/lib/thumb/v7e-m+fp/hard/libc_nano.a(libc_a-mlock.o)
                0x080038ac                __malloc_lock
 .text.__malloc_unlock
                0x080038b8        0xc /usr/lib/gcc/arm-none-eabi/14.2.0/../../../../arm-none-eabi/lib/thumb/v7e-m+fp/hard/libc_nano.a(libc_a-mlock.o)
                0x080038b8                __malloc_unlock
 .text.__ssputs_r
                0x080038c4       0xc0 /usr/lib/gcc/arm-none-eabi/14.2.0/../../../../arm-none-eabi/lib/thumb/v7e-m+fp/hard/libc_nano.a(libc_a-nano-svfprintf.o)
                0x080038c4                __ssputs_r
 .text._svfprintf_r
                0x08003984      0x1f8 /usr/lib/gcc/arm-none-eabi/14.2.0/../../../../arm-none-eabi/lib/thumb/v7e-m+fp/hard/libc_nano.a(libc_a-nano-svfprintf.o)
                0x08003984                _svfprintf_r
                0x08003984                _svfiprintf_r
 .text._printf_common
                0x08003b7c       0xda /usr/lib/gcc/arm-none-eabi/14.2.0/../../../../arm-none-eabi/lib/thumb/v7e-m+fp/hard/libc_nano.a(libc_a-nano-vfprintf_i.o)
                0x08003b7c                _printf_common
 *fill*         0x08003c56        0x2 
 .text._printf_i
                0x08003c58      0x240 /usr/lib/gcc/arm-none-eabi/14.2.0/../../../../arm-none-eabi/lib/thumb/v7e-m+fp/hard/libc_nano.a(libc_a-nano-vfprintf_i.o)
                0x08003c58                _printf_i
 .text.memmove  0x08003e98       0x32 /usr/lib/gcc/arm-none-eabi/14.2.0/../../../../arm-none-eabi/lib/thumb/v7e-m+fp/hard/libc_nano.a(libc_a-memmove.o)
                0x08003e98                memmove
 *fill*         0x08003eca        0x2 
 .text._sbrk_r  0x08003ecc       0x20 /usr/lib/gcc/arm-none-eabi/14.2.0/../../../../arm-none-eabi/lib/thumb/v7e-m+fp/hard/libc_nano.a(libc_a-sbrkr.o)
                0x08003ecc                _sbrk_r
 .text.memcpy   0x08003eec       0x1c /usr/lib/gcc/arm-none-eabi/14.2.0/../../../../arm-none-eabi/lib/thumb/v7e-m+fp/hard/libc_nano.a(libc_a-memcpy-stub.o)
                0x08003eec                memcpy
 .text._realloc_r
                0x08003f08       0x5c /usr/lib/gcc/arm-none-eabi/14.2.0/../../../../arm-none-eabi/lib/thumb/v7e-m+fp/hard/libc_nano.a(libc_a-reallocr.o)
                0x08003f08                _realloc_r
 .text._malloc_usable_size_r
                0x08003f64       0x10 /usr/lib/gcc/arm-none-eabi/14.2.0/../../../../arm-none-eabi/lib/thumb/v7e-m+fp/hard/libc_nano.a(libc_a-msizer.o)
                0x08003f64                _malloc_usable_size_r
 .text.__udivmoddi4
                0x08003f74      0x2bc /usr/lib/gcc/arm-none-eabi/14.2.0/thumb/v7e-m+fp/hard/libgcc.a(_udivmoddi4.o)
                0x08003f74                __udivmoddi4
 *(.glue_7)
 .glue_7        0x08004230        0x0 linker stubs
 *(.glue_7t)
 .glue_7t       0x08004230        0x0 linker stubs
 *(.eh_frame)
 .eh_frame      0x08004230        0x0 /usr/lib/gcc/arm-none-eabi/14.2.0/thumb/v7e-m+fp/hard/crtbegin.o
 *(.init)
 .init          0x08004230        0x4 /usr/lib/gcc/arm-none-eabi/14.2.0/thumb/v7e-m+fp/hard/crti.o
                0x08004230                _init
 .init          0x08004234        0x8 /usr/lib/gcc/arm-none-eabi/14.2.0/thumb/v7e-m+fp/hard/crtn.o
 *(.fini)
 .fini          0x0800423c        0x4 /usr/lib/gcc/arm-none-eabi/14.2.0/thumb/v7e-m+fp/hard/crti.o
                0x0800423c                _fini
 .fini          0x08004240        0x8 /usr/lib/gcc/arm-none-eabi/14.2.0/thumb/v7e-m+fp/hard/crtn.o
                0x08004248                        . = ALIGN (0x4)
                0x08004248                        _etext = .

.vfp11_veneer   0x08004248        0x0
 .vfp11_veneer  0x08004248        0x0 linker stubs

.v4_bx          0x08004248        0x0
 .v4_bx         0x08004248        0x0 linker stubs

.iplt           0x08004248        0x0
 .iplt          0x08004248        0x0 /usr/lib/gcc/arm-none-eabi/14.2.0/thumb/v7e-m+fp/hard/crtbegin.o

.rodata         0x08004248       0x88
                0x08004248                        . = ALIGN (0x4)
 *(.rodata)
 *(.rodata*)
 .rodata.main.str1.4
                0x08004248       0x3a build/main.o
 *fill*         0x08004282        0x2 
 .rodata.APBPrescTable
                0x08004284        0x8 build/system_stm32f4xx.o
                0x08004284                APBPrescTable
 .rodata.AHBPrescTable
                0x0800428c       0x10 build/system_stm32f4xx.o
                0x0800428c                AHBPrescTable
 .rodata._svfprintf_r.str1.1
                0x0800429c       0x33 /usr/lib/gcc/arm-none-eabi/14.2.0/../../../../arm-none-eabi/lib/thumb/v7e-m+fp/hard/libc_nano.a(libc_a-nano-svfprintf.o)
                                 0x11 (size before relaxing)
 .rodata._printf_i.str1.1
                0x080042cf       0x22 /usr/lib/gcc/arm-none-eabi/14.2.0/../../../../arm-none-eabi/lib/thumb/v7e-m+fp/hard/libc_nano.a(libc_a-nano-vfprintf_i.o)
                0x080042f4                        . = ALIGN (0x4)
 *fill*         0x080042cf        0x1 

.ARM.extab      0x080042d0        0x0
                0x080042d0                        . = ALIGN (0x4)
 *(.ARM.extab* .gnu.linkonce.armextab.*)
                0x080042d0                        . = ALIGN (0x4)

.ARM            0x080042d0        0x8
                0x080042d0                        . = ALIGN (0x4)
                0x080042d0                        __exidx_start = .
 *(.ARM.exidx*)
 .ARM.exidx     0x080042d0        0x8 /usr/lib/gcc/arm-none-eabi/14.2.0/../../../../arm-none-eabi/lib/thumb/v7e-m+fp/hard/libc_nano.a(libc_a-memchr.o)
 .ARM.exidx.text.__udivmoddi4
                0x080042d8        0x0 /usr/lib/gcc/arm-none-eabi/14.2.0/thumb/v7e-m+fp/hard/libgcc.a(_udivmoddi4.o)
                                  0x8 (size before relaxing)
                0x080042d8                        __exidx_end = .
                0x080042d8                        . = ALIGN (0x4)

.preinit_array  0x080042d8        0x0
                0x080042d8                        . = ALIGN (0x4)
                0x080042d8                        PROVIDE (__preinit_array_start = .)
 *(.preinit_array*)
                0x080042d8                        PROVIDE (__preinit_array_end = .)
                0x080042d8                        . = ALIGN (0x4)

.init_array     0x080042d8        0x4
                0x080042d8                        . = ALIGN (0x4)
                0x080042d8                        PROVIDE (__init_array_start = .)
 *(SORT_BY_NAME(.init_array.*))
 *(.init_array*)
 .init_array    0x080042d8        0x4 /usr/lib/gcc/arm-none-eabi/14.2.0/thumb/v7e-m+fp/hard/crtbegin.o
                0x080042dc                        PROVIDE (__init_array_end = .)
                0x080042dc                        . = ALIGN (0x4)

.fini_array     0x080042dc        0x4
                0x080042dc                        . = ALIGN (0x4)
                0x080042dc                        PROVIDE (__fini_array_start = .)
 *(SORT_BY_NAME(.fini_array.*))
 *(.fini_array*)
 .fini_array    0x080042dc        0x4 /usr/lib/gcc/arm-none-eabi/14.2.0/thumb/v7e-m+fp/hard/crtbegin.o
                0x080042e0                        PROVIDE (__fini_array_end = .)
                0x080042e0                        . = ALIGN (0x4)
                0x080042e0                        _sidata = LOADADDR (.data)

.rel.dyn        0x080042e0        0x0
 .rel.iplt      0x080042e0        0x0 /usr/lib/gcc/arm-none-eabi/14.2.0/thumb/v7e-m+fp/hard/crtbegin.o

.data           0x20000000       0x5c load address 0x080042e0
                0x20000000                        . = ALIGN (0x4)
                0x20000000                        _sdata = .
 *(.data)
 *(.data*)
 .data.dht11_timer
                0x20000000        0x2 build/main.o
 .data.uwTickFreq
                0x20000002        0x1 build/stm32f4xx_hal.o
                0x20000002                uwTickFreq
 *fill*         0x20000003        0x1 
 .data.uwTickPrio
                0x20000004        0x4 build/stm32f4xx_hal.o
                0x20000004                uwTickPrio
 .data.SystemCoreClock
                0x20000008        0x4 build/system_stm32f4xx.o
                0x20000008                SystemCoreClock
 .data._impure_ptr
                0x2000000c        0x4 /usr/lib/gcc/arm-none-eabi/14.2.0/../../../../arm-none-eabi/lib/thumb/v7e-m+fp/hard/libc_nano.a(libc_a-impure.o)
                0x2000000c                _impure_ptr
 .data._impure_data
                0x20000010       0x4c /usr/lib/gcc/arm-none-eabi/14.2.0/../../../../arm-none-eabi/lib/thumb/v7e-m+fp/hard/libc_nano.a(libc_a-impure.o)
                0x20000010                _impure_data
 *(.RamFunc)
 *(.RamFunc*)
                0x2000005c                        . = ALIGN (0x4)
                0x2000005c                        _edata = .

.igot.plt       0x2000005c        0x0 load address 0x0800433c
 .igot.plt      0x2000005c        0x0 /usr/lib/gcc/arm-none-eabi/14.2.0/thumb/v7e-m+fp/hard/crtbegin.o
                0x2000005c                        . = ALIGN (0x4)

.bss            0x2000005c      0x2fc load address 0x0800433c
                0x2000005c                        _sbss = .
                0x2000005c                        __bss_start__ = _sbss
 *(.bss)
 *(.bss*)
 .bss.completed.1
                0x2000005c        0x1 /usr/lib/gcc/arm-none-eabi/14.2.0/thumb/v7e-m+fp/hard/crtbegin.o
 *fill*         0x2000005d        0x3 
 .bss.object.0  0x20000060       0x18 /usr/lib/gcc/arm-none-eabi/14.2.0/thumb/v7e-m+fp/hard/crtbegin.o
 .bss.dht_trigger_flag
                0x20000078        0x1 build/main.o
                0x20000078                dht_trigger_flag
 *fill*         0x20000079        0x3 
 .bss.sDate     0x2000007c        0x4 build/main.o
                0x2000007c                sDate
 .bss.sTime     0x20000080       0x14 build/main.o
                0x20000080                sTime
 .bss.huart2    0x20000094       0x48 build/main.o
                0x20000094                huart2
 .bss.htim3     0x200000dc       0x48 build/main.o
                0x200000dc                htim3
 .bss.htim2     0x20000124       0x48 build/main.o
                0x20000124                htim2
 .bss.hrtc      0x2000016c       0x20 build/main.o
                0x2000016c                hrtc
 .bss.hi2c1     0x2000018c       0x54 build/main.o
                0x2000018c                hi2c1
 .bss.dht_temperature
                0x200001e0        0x2 build/dht11.o
                0x200001e0                dht_temperature
 .bss.dht_humidity
                0x200001e2        0x2 build/dht11.o
                0x200001e2                dht_humidity
 .bss.dht_state
                0x200001e4        0x1 build/dht11.o
                0x200001e4                dht_state
 .bss.bit_index
                0x200001e5        0x1 build/dht11.o
                0x200001e5                bit_index
 *fill*         0x200001e6        0x2 
 .bss.dht11_data
                0x200001e8        0x5 build/dht11.o
                0x200001e8                dht11_data
 *fill*         0x200001ed        0x3 
 .bss.sDate     0x200001f0        0x4 build/button.o
 .bss.sTime     0x200001f4       0x14 build/button.o
 .bss.uwTick    0x20000208        0x4 build/stm32f4xx_hal.o
                0x20000208                uwTick
 .bss.__sbrk_heap_end
                0x2000020c        0x4 build/sysmem.o
 .bss.__sf      0x20000210      0x138 /usr/lib/gcc/arm-none-eabi/14.2.0/../../../../arm-none-eabi/lib/thumb/v7e-m+fp/hard/libc_nano.a(libc_a-findfp.o)
                0x20000210                __sf
 .bss.errno     0x20000348        0x4 /usr/lib/gcc/arm-none-eabi/14.2.0/../../../../arm-none-eabi/lib/thumb/v7e-m+fp/hard/libc_nano.a(libc_a-reent.o)
                0x20000348                errno
 .bss.__lock___malloc_recursive_mutex
                0x2000034c        0x1 /usr/lib/gcc/arm-none-eabi/14.2.0/../../../../arm-none-eabi/lib/thumb/v7e-m+fp/hard/libc_nano.a(libc_a-lock.o)
                0x2000034c                __lock___malloc_recursive_mutex
 *fill*         0x2000034d        0x3 
 .bss.__malloc_sbrk_start
                0x20000350        0x4 /usr/lib/gcc/arm-none-eabi/14.2.0/../../../../arm-none-eabi/lib/thumb/v7e-m+fp/hard/libc_nano.a(libc_a-mallocr.o)
                0x20000350                __malloc_sbrk_start
 .bss.__malloc_free_list
                0x20000354        0x4 /usr/lib/gcc/arm-none-eabi/14.2.0/../../../../arm-none-eabi/lib/thumb/v7e-m+fp/hard/libc_nano.a(libc_a-mallocr.o)
                0x20000354                __malloc_free_list
 *(COMMON)
                0x20000358                        . = ALIGN (0x4)
                0x20000358                        _ebss = .
                0x20000358                        __bss_end__ = _ebss

._user_heap_stack
                0x20000358      0x600 load address 0x0800433c
                0x20000358                        . = ALIGN (0x8)
                [!provide]                        PROVIDE (end = .)
                0x20000358                        PROVIDE (_end = .)
                0x20000558                        . = (. + _Min_Heap_Size)
 *fill*         0x20000358      0x200 
                0x20000958                        . = (. + _Min_Stack_Size)
 *fill*         0x20000558      0x400 
                0x20000958                        . = ALIGN (0x8)

/DISCARD/
 libc.a(*)
 libm.a(*)
 libgcc.a(*)
OUTPUT(build/Clock.elf elf32-littlearm)
LOAD linker stubs
LOAD /usr/lib/gcc/arm-none-eabi/14.2.0/../../../../arm-none-eabi/lib/thumb/v7e-m+fp/hard/libc.a
LOAD /usr/lib/gcc/arm-none-eabi/14.2.0/../../../../arm-none-eabi/lib/thumb/v7e-m+fp/hard/libm.a
LOAD /usr/lib/gcc/arm-none-eabi/14.2.0/thumb/v7e-m+fp/hard/libgcc.a

.ARM.attributes
                0x00000000       0x30
 .ARM.attributes
                0x00000000       0x22 /usr/lib/gcc/arm-none-eabi/14.2.0/thumb/v7e-m+fp/hard/crti.o
 .ARM.attributes
                0x00000022       0x34 /usr/lib/gcc/arm-none-eabi/14.2.0/thumb/v7e-m+fp/hard/crtbegin.o
 .ARM.attributes
                0x00000056       0x34 build/main.o
 .ARM.attributes
                0x0000008a       0x34 build/dht11.o
 .ARM.attributes
                0x000000be       0x34 build/uart.o
 .ARM.attributes
                0x000000f2       0x34 build/uart_stm32f466.o
 .ARM.attributes
                0x00000126       0x34 build/lcd_hd44780.o
 .ARM.attributes
                0x0000015a       0x34 build/i2c_interface.o
 .ARM.attributes
                0x0000018e       0x34 build/button.o
 .ARM.attributes
                0x000001c2       0x34 build/clock.o
 .ARM.attributes
                0x000001f6       0x34 build/stm32f4xx_it.o
 .ARM.attributes
                0x0000022a       0x34 build/stm32f4xx_hal_msp.o
 .ARM.attributes
                0x0000025e       0x34 build/stm32f4xx_hal_uart.o
 .ARM.attributes
                0x00000292       0x34 build/stm32f4xx_hal_rcc.o
 .ARM.attributes
                0x000002c6       0x34 build/stm32f4xx_hal_rcc_ex.o
 .ARM.attributes
                0x000002fa       0x34 build/stm32f4xx_hal_gpio.o
 .ARM.attributes
                0x0000032e       0x34 build/stm32f4xx_hal_cortex.o
 .ARM.attributes
                0x00000362       0x34 build/stm32f4xx_hal.o
 .ARM.attributes
                0x00000396       0x34 build/system_stm32f4xx.o
 .ARM.attributes
                0x000003ca       0x34 build/sysmem.o
 .ARM.attributes
                0x000003fe       0x34 build/stm32f4xx_hal_i2c.o
 .ARM.attributes
                0x00000432       0x34 build/stm32f4xx_hal_rtc.o
 .ARM.attributes
                0x00000466       0x34 build/stm32f4xx_hal_rtc_ex.o
 .ARM.attributes
                0x0000049a       0x34 build/stm32f4xx_hal_tim.o
 .ARM.attributes
                0x000004ce       0x34 build/stm32f4xx_hal_tim_ex.o
 .ARM.attributes
                0x00000502       0x21 build/startup_stm32f446xx.o
 .ARM.attributes
                0x00000523       0x34 /usr/lib/gcc/arm-none-eabi/14.2.0/../../../../arm-none-eabi/lib/thumb/v7e-m+fp/hard/libc_nano.a(libc_a-findfp.o)
 .ARM.attributes
                0x00000557       0x34 /usr/lib/gcc/arm-none-eabi/14.2.0/../../../../arm-none-eabi/lib/thumb/v7e-m+fp/hard/libc_nano.a(libc_a-sprintf.o)
 .ARM.attributes
                0x0000058b       0x34 /usr/lib/gcc/arm-none-eabi/14.2.0/../../../../arm-none-eabi/lib/thumb/v7e-m+fp/hard/libc_nano.a(libc_a-memset.o)
 .ARM.attributes
                0x000005bf       0x34 /usr/lib/gcc/arm-none-eabi/14.2.0/../../../../arm-none-eabi/lib/thumb/v7e-m+fp/hard/libc_nano.a(libc_a-reent.o)
 .ARM.attributes
                0x000005f3       0x34 /usr/lib/gcc/arm-none-eabi/14.2.0/../../../../arm-none-eabi/lib/thumb/v7e-m+fp/hard/libc_nano.a(libc_a-impure.o)
 .ARM.attributes
                0x00000627       0x34 /usr/lib/gcc/arm-none-eabi/14.2.0/../../../../arm-none-eabi/lib/thumb/v7e-m+fp/hard/libc_nano.a(libc_a-errno.o)
 .ARM.attributes
                0x0000065b       0x34 /usr/lib/gcc/arm-none-eabi/14.2.0/../../../../arm-none-eabi/lib/thumb/v7e-m+fp/hard/libc_nano.a(libc_a-init.o)
 .ARM.attributes
                0x0000068f       0x34 /usr/lib/gcc/arm-none-eabi/14.2.0/../../../../arm-none-eabi/lib/thumb/v7e-m+fp/hard/libc_nano.a(libc_a-lock.o)
 .ARM.attributes
                0x000006c3       0x34 /usr/lib/gcc/arm-none-eabi/14.2.0/../../../../arm-none-eabi/lib/thumb/v7e-m+fp/hard/libc_nano.a(libc_a-freer.o)
 .ARM.attributes
                0x000006f7       0x34 /usr/lib/gcc/arm-none-eabi/14.2.0/../../../../arm-none-eabi/lib/thumb/v7e-m+fp/hard/libc_nano.a(libc_a-mallocr.o)
 .ARM.attributes
                0x0000072b       0x34 /usr/lib/gcc/arm-none-eabi/14.2.0/../../../../arm-none-eabi/lib/thumb/v7e-m+fp/hard/libc_nano.a(libc_a-mlock.o)
 .ARM.attributes
                0x0000075f       0x34 /usr/lib/gcc/arm-none-eabi/14.2.0/../../../../arm-none-eabi/lib/thumb/v7e-m+fp/hard/libc_nano.a(libc_a-nano-svfprintf.o)
 .ARM.attributes
                0x00000793       0x34 /usr/lib/gcc/arm-none-eabi/14.2.0/../../../../arm-none-eabi/lib/thumb/v7e-m+fp/hard/libc_nano.a(libc_a-nano-vfprintf_i.o)
 .ARM.attributes
                0x000007c7       0x34 /usr/lib/gcc/arm-none-eabi/14.2.0/../../../../arm-none-eabi/lib/thumb/v7e-m+fp/hard/libc_nano.a(libc_a-memmove.o)
 .ARM.attributes
                0x000007fb       0x34 /usr/lib/gcc/arm-none-eabi/14.2.0/../../../../arm-none-eabi/lib/thumb/v7e-m+fp/hard/libc_nano.a(libc_a-sbrkr.o)
 .ARM.attributes
                0x0000082f       0x1c /usr/lib/gcc/arm-none-eabi/14.2.0/../../../../arm-none-eabi/lib/thumb/v7e-m+fp/hard/libc_nano.a(libc_a-memchr.o)
 .ARM.attributes
                0x0000084b       0x34 /usr/lib/gcc/arm-none-eabi/14.2.0/../../../../arm-none-eabi/lib/thumb/v7e-m+fp/hard/libc_nano.a(libc_a-memcpy-stub.o)
 .ARM.attributes
                0x0000087f       0x34 /usr/lib/gcc/arm-none-eabi/14.2.0/../../../../arm-none-eabi/lib/thumb/v7e-m+fp/hard/libc_nano.a(libc_a-reallocr.o)
 .ARM.attributes
                0x000008b3       0x34 /usr/lib/gcc/arm-none-eabi/14.2.0/../../../../arm-none-eabi/lib/thumb/v7e-m+fp/hard/libc_nano.a(libc_a-msizer.o)
 .ARM.attributes
                0x000008e7       0x22 /usr/lib/gcc/arm-none-eabi/14.2.0/thumb/v7e-m+fp/hard/libgcc.a(_aeabi_uldivmod.o)
 .ARM.attributes
                0x00000909       0x34 /usr/lib/gcc/arm-none-eabi/14.2.0/thumb/v7e-m+fp/hard/libgcc.a(_udivmoddi4.o)
 .ARM.attributes
                0x0000093d       0x22 /usr/lib/gcc/arm-none-eabi/14.2.0/thumb/v7e-m+fp/hard/libgcc.a(_dvmd_tls.o)
 .ARM.attributes
                0x0000095f       0x22 /usr/lib/gcc/arm-none-eabi/14.2.0/thumb/v7e-m+fp/hard/crtn.o

.comment        0x00000000       0x1e
 .comment       0x00000000       0x1e build/main.o
                                 0x1f (size before relaxing)
 .comment       0x0000001e       0x1f build/dht11.o
 .comment       0x0000001e       0x1f build/uart.o
 .comment       0x0000001e       0x1f build/uart_stm32f466.o
 .comment       0x0000001e       0x1f build/lcd_hd44780.o
 .comment       0x0000001e       0x1f build/i2c_interface.o
 .comment       0x0000001e       0x1f build/button.o
 .comment       0x0000001e       0x1f build/clock.o
 .comment       0x0000001e       0x1f build/stm32f4xx_it.o
 .comment       0x0000001e       0x1f build/stm32f4xx_hal_msp.o
 .comment       0x0000001e       0x1f build/stm32f4xx_hal_uart.o
 .comment       0x0000001e       0x1f build/stm32f4xx_hal_rcc.o
 .comment       0x0000001e       0x1f build/stm32f4xx_hal_rcc_ex.o
 .comment       0x0000001e       0x1f build/stm32f4xx_hal_gpio.o
 .comment       0x0000001e       0x1f build/stm32f4xx_hal_cortex.o
 .comment       0x0000001e       0x1f build/stm32f4xx_hal.o
 .comment       0x0000001e       0x1f build/system_stm32f4xx.o
 .comment       0x0000001e       0x1f build/sysmem.o
 .comment       0x0000001e       0x1f build/stm32f4xx_hal_i2c.o
 .comment       0x0000001e       0x1f build/stm32f4xx_hal_rtc.o
 .comment       0x0000001e       0x1f build/stm32f4xx_hal_rtc_ex.o
 .comment       0x0000001e       0x1f build/stm32f4xx_hal_tim.o
 .comment       0x0000001e       0x1f build/stm32f4xx_hal_tim_ex.o
 .comment       0x0000001e       0x1f /usr/lib/gcc/arm-none-eabi/14.2.0/../../../../arm-none-eabi/lib/thumb/v7e-m+fp/hard/libc_nano.a(libc_a-findfp.o)
 .comment       0x0000001e       0x1f /usr/lib/gcc/arm-none-eabi/14.2.0/../../../../arm-none-eabi/lib/thumb/v7e-m+fp/hard/libc_nano.a(libc_a-sprintf.o)
 .comment       0x0000001e       0x1f /usr/lib/gcc/arm-none-eabi/14.2.0/../../../../arm-none-eabi/lib/thumb/v7e-m+fp/hard/libc_nano.a(libc_a-memset.o)
 .comment       0x0000001e       0x1f /usr/lib/gcc/arm-none-eabi/14.2.0/../../../../arm-none-eabi/lib/thumb/v7e-m+fp/hard/libc_nano.a(libc_a-reent.o)
 .comment       0x0000001e       0x1f /usr/lib/gcc/arm-none-eabi/14.2.0/../../../../arm-none-eabi/lib/thumb/v7e-m+fp/hard/libc_nano.a(libc_a-impure.o)
 .comment       0x0000001e       0x1f /usr/lib/gcc/arm-none-eabi/14.2.0/../../../../arm-none-eabi/lib/thumb/v7e-m+fp/hard/libc_nano.a(libc_a-errno.o)
 .comment       0x0000001e       0x1f /usr/lib/gcc/arm-none-eabi/14.2.0/../../../../arm-none-eabi/lib/thumb/v7e-m+fp/hard/libc_nano.a(libc_a-init.o)
 .comment       0x0000001e       0x1f /usr/lib/gcc/arm-none-eabi/14.2.0/../../../../arm-none-eabi/lib/thumb/v7e-m+fp/hard/libc_nano.a(libc_a-lock.o)
 .comment       0x0000001e       0x1f /usr/lib/gcc/arm-none-eabi/14.2.0/../../../../arm-none-eabi/lib/thumb/v7e-m+fp/hard/libc_nano.a(libc_a-freer.o)
 .comment       0x0000001e       0x1f /usr/lib/gcc/arm-none-eabi/14.2.0/../../../../arm-none-eabi/lib/thumb/v7e-m+fp/hard/libc_nano.a(libc_a-mallocr.o)
 .comment       0x0000001e       0x1f /usr/lib/gcc/arm-none-eabi/14.2.0/../../../../arm-none-eabi/lib/thumb/v7e-m+fp/hard/libc_nano.a(libc_a-mlock.o)
 .comment       0x0000001e       0x1f /usr/lib/gcc/arm-none-eabi/14.2.0/../../../../arm-none-eabi/lib/thumb/v7e-m+fp/hard/libc_nano.a(libc_a-nano-svfprintf.o)
 .comment       0x0000001e       0x1f /usr/lib/gcc/arm-none-eabi/14.2.0/../../../../arm-none-eabi/lib/thumb/v7e-m+fp/hard/libc_nano.a(libc_a-nano-vfprintf_i.o)
 .comment       0x0000001e       0x1f /usr/lib/gcc/arm-none-eabi/14.2.0/../../../../arm-none-eabi/lib/thumb/v7e-m+fp/hard/libc_nano.a(libc_a-memmove.o)
 .comment       0x0000001e       0x1f /usr/lib/gcc/arm-none-eabi/14.2.0/../../../../arm-none-eabi/lib/thumb/v7e-m+fp/hard/libc_nano.a(libc_a-sbrkr.o)
 .comment       0x0000001e       0x1f /usr/lib/gcc/arm-none-eabi/14.2.0/../../../../arm-none-eabi/lib/thumb/v7e-m+fp/hard/libc_nano.a(libc_a-memcpy-stub.o)
 .comment       0x0000001e       0x1f /usr/lib/gcc/arm-none-eabi/14.2.0/../../../../arm-none-eabi/lib/thumb/v7e-m+fp/hard/libc_nano.a(libc_a-reallocr.o)
 .comment       0x0000001e       0x1f /usr/lib/gcc/arm-none-eabi/14.2.0/../../../../arm-none-eabi/lib/thumb/v7e-m+fp/hard/libc_nano.a(libc_a-msizer.o)
 .comment       0x0000001e       0x1f /usr/lib/gcc/arm-none-eabi/14.2.0/thumb/v7e-m+fp/hard/libgcc.a(_udivmoddi4.o)

.debug_info     0x00000000    0x25847
 .debug_info    0x00000000     0x245b build/main.o
 .debug_info    0x0000245b      0xc5d build/dht11.o
 .debug_info    0x000030b8      0x162 build/uart.o
 .debug_info    0x0000321a      0x74d build/uart_stm32f466.o
 .debug_info    0x00003967      0x45f build/lcd_hd44780.o
 .debug_info    0x00003dc6      0x767 build/i2c_interface.o
 .debug_info    0x0000452d      0x89e build/button.o
 .debug_info    0x00004dcb      0x720 build/clock.o
 .debug_info    0x000054eb      0xc32 build/stm32f4xx_it.o
 .debug_info    0x0000611d     0x1da7 build/stm32f4xx_hal_msp.o
 .debug_info    0x00007ec4     0x43b5 build/stm32f4xx_hal_uart.o
 .debug_info    0x0000c279      0xc73 build/stm32f4xx_hal_rcc.o
 .debug_info    0x0000ceec      0xddc build/stm32f4xx_hal_rcc_ex.o
 .debug_info    0x0000dcc8      0x8ac build/stm32f4xx_hal_gpio.o
 .debug_info    0x0000e574     0x11fe build/stm32f4xx_hal_cortex.o
 .debug_info    0x0000f772      0xb5c build/stm32f4xx_hal.o
 .debug_info    0x000102ce      0x5f7 build/system_stm32f4xx.o
 .debug_info    0x000108c5      0x18c build/sysmem.o
 .debug_info    0x00010a51     0x3c20 build/stm32f4xx_hal_i2c.o
 .debug_info    0x00014671     0x11ac build/stm32f4xx_hal_rtc.o
 .debug_info    0x0001581d     0x142a build/stm32f4xx_hal_rtc_ex.o
 .debug_info    0x00016c47     0x41a0 build/stm32f4xx_hal_tim.o
 .debug_info    0x0001ade7     0x1d97 build/stm32f4xx_hal_tim_ex.o
 .debug_info    0x0001cb7e       0x30 build/startup_stm32f446xx.o
 .debug_info    0x0001cbae      0xfb8 /usr/lib/gcc/arm-none-eabi/14.2.0/../../../../arm-none-eabi/lib/thumb/v7e-m+fp/hard/libc_nano.a(libc_a-findfp.o)
 .debug_info    0x0001db66      0x885 /usr/lib/gcc/arm-none-eabi/14.2.0/../../../../arm-none-eabi/lib/thumb/v7e-m+fp/hard/libc_nano.a(libc_a-sprintf.o)
 .debug_info    0x0001e3eb       0xe0 /usr/lib/gcc/arm-none-eabi/14.2.0/../../../../arm-none-eabi/lib/thumb/v7e-m+fp/hard/libc_nano.a(libc_a-memset.o)
 .debug_info    0x0001e4cb      0x8a1 /usr/lib/gcc/arm-none-eabi/14.2.0/../../../../arm-none-eabi/lib/thumb/v7e-m+fp/hard/libc_nano.a(libc_a-reent.o)
 .debug_info    0x0001ed6c      0x715 /usr/lib/gcc/arm-none-eabi/14.2.0/../../../../arm-none-eabi/lib/thumb/v7e-m+fp/hard/libc_nano.a(libc_a-impure.o)
 .debug_info    0x0001f481      0x6fb /usr/lib/gcc/arm-none-eabi/14.2.0/../../../../arm-none-eabi/lib/thumb/v7e-m+fp/hard/libc_nano.a(libc_a-errno.o)
 .debug_info    0x0001fb7c      0x10b /usr/lib/gcc/arm-none-eabi/14.2.0/../../../../arm-none-eabi/lib/thumb/v7e-m+fp/hard/libc_nano.a(libc_a-init.o)
 .debug_info    0x0001fc87      0x218 /usr/lib/gcc/arm-none-eabi/14.2.0/../../../../arm-none-eabi/lib/thumb/v7e-m+fp/hard/libc_nano.a(libc_a-lock.o)
 .debug_info    0x0001fe9f      0x851 /usr/lib/gcc/arm-none-eabi/14.2.0/../../../../arm-none-eabi/lib/thumb/v7e-m+fp/hard/libc_nano.a(libc_a-freer.o)
 .debug_info    0x000206f0      0x9bc /usr/lib/gcc/arm-none-eabi/14.2.0/../../../../arm-none-eabi/lib/thumb/v7e-m+fp/hard/libc_nano.a(libc_a-mallocr.o)
 .debug_info    0x000210ac      0x76b /usr/lib/gcc/arm-none-eabi/14.2.0/../../../../arm-none-eabi/lib/thumb/v7e-m+fp/hard/libc_nano.a(libc_a-mlock.o)
 .debug_info    0x00021817     0x10b3 /usr/lib/gcc/arm-none-eabi/14.2.0/../../../../arm-none-eabi/lib/thumb/v7e-m+fp/hard/libc_nano.a(libc_a-nano-svfprintf.o)
 .debug_info    0x000228ca      0xde2 /usr/lib/gcc/arm-none-eabi/14.2.0/../../../../arm-none-eabi/lib/thumb/v7e-m+fp/hard/libc_nano.a(libc_a-nano-vfprintf_i.o)
 .debug_info    0x000236ac      0x10f /usr/lib/gcc/arm-none-eabi/14.2.0/../../../../arm-none-eabi/lib/thumb/v7e-m+fp/hard/libc_nano.a(libc_a-memmove.o)
 .debug_info    0x000237bb      0x782 /usr/lib/gcc/arm-none-eabi/14.2.0/../../../../arm-none-eabi/lib/thumb/v7e-m+fp/hard/libc_nano.a(libc_a-sbrkr.o)
 .debug_info    0x00023f3d       0x25 /usr/lib/gcc/arm-none-eabi/14.2.0/../../../../arm-none-eabi/lib/thumb/v7e-m+fp/hard/libc_nano.a(libc_a-memchr.o)
 .debug_info    0x00023f62      0x121 /usr/lib/gcc/arm-none-eabi/14.2.0/../../../../arm-none-eabi/lib/thumb/v7e-m+fp/hard/libc_nano.a(libc_a-memcpy-stub.o)
 .debug_info    0x00024083      0x8cd /usr/lib/gcc/arm-none-eabi/14.2.0/../../../../arm-none-eabi/lib/thumb/v7e-m+fp/hard/libc_nano.a(libc_a-reallocr.o)
 .debug_info    0x00024950      0x794 /usr/lib/gcc/arm-none-eabi/14.2.0/../../../../arm-none-eabi/lib/thumb/v7e-m+fp/hard/libc_nano.a(libc_a-msizer.o)
 .debug_info    0x000250e4       0x24 /usr/lib/gcc/arm-none-eabi/14.2.0/thumb/v7e-m+fp/hard/libgcc.a(_aeabi_uldivmod.o)
 .debug_info    0x00025108      0x703 /usr/lib/gcc/arm-none-eabi/14.2.0/thumb/v7e-m+fp/hard/libgcc.a(_udivmoddi4.o)
 .debug_info    0x0002580b       0x3c /usr/lib/gcc/arm-none-eabi/14.2.0/thumb/v7e-m+fp/hard/libgcc.a(_dvmd_tls.o)

.debug_abbrev   0x00000000     0x535f
 .debug_abbrev  0x00000000      0x311 build/main.o
 .debug_abbrev  0x00000311      0x24b build/dht11.o
 .debug_abbrev  0x0000055c       0xfa build/uart.o
 .debug_abbrev  0x00000656      0x19d build/uart_stm32f466.o
 .debug_abbrev  0x000007f3      0x108 build/lcd_hd44780.o
 .debug_abbrev  0x000008fb      0x15e build/i2c_interface.o
 .debug_abbrev  0x00000a59      0x1ac build/button.o
 .debug_abbrev  0x00000c05      0x166 build/clock.o
 .debug_abbrev  0x00000d6b      0x190 build/stm32f4xx_it.o
 .debug_abbrev  0x00000efb      0x257 build/stm32f4xx_hal_msp.o
 .debug_abbrev  0x00001152      0x366 build/stm32f4xx_hal_uart.o
 .debug_abbrev  0x000014b8      0x2de build/stm32f4xx_hal_rcc.o
 .debug_abbrev  0x00001796      0x266 build/stm32f4xx_hal_rcc_ex.o
 .debug_abbrev  0x000019fc      0x22b build/stm32f4xx_hal_gpio.o
 .debug_abbrev  0x00001c27      0x3ca build/stm32f4xx_hal_cortex.o
 .debug_abbrev  0x00001ff1      0x244 build/stm32f4xx_hal.o
 .debug_abbrev  0x00002235      0x11b build/system_stm32f4xx.o
 .debug_abbrev  0x00002350       0xeb build/sysmem.o
 .debug_abbrev  0x0000243b      0x328 build/stm32f4xx_hal_i2c.o
 .debug_abbrev  0x00002763      0x228 build/stm32f4xx_hal_rtc.o
 .debug_abbrev  0x0000298b      0x252 build/stm32f4xx_hal_rtc_ex.o
 .debug_abbrev  0x00002bdd      0x2bd build/stm32f4xx_hal_tim.o
 .debug_abbrev  0x00002e9a      0x2b7 build/stm32f4xx_hal_tim_ex.o
 .debug_abbrev  0x00003151       0x1d build/startup_stm32f446xx.o
 .debug_abbrev  0x0000316e      0x424 /usr/lib/gcc/arm-none-eabi/14.2.0/../../../../arm-none-eabi/lib/thumb/v7e-m+fp/hard/libc_nano.a(libc_a-findfp.o)
 .debug_abbrev  0x00003592      0x21c /usr/lib/gcc/arm-none-eabi/14.2.0/../../../../arm-none-eabi/lib/thumb/v7e-m+fp/hard/libc_nano.a(libc_a-sprintf.o)
 .debug_abbrev  0x000037ae       0x9e /usr/lib/gcc/arm-none-eabi/14.2.0/../../../../arm-none-eabi/lib/thumb/v7e-m+fp/hard/libc_nano.a(libc_a-memset.o)
 .debug_abbrev  0x0000384c      0x1f7 /usr/lib/gcc/arm-none-eabi/14.2.0/../../../../arm-none-eabi/lib/thumb/v7e-m+fp/hard/libc_nano.a(libc_a-reent.o)
 .debug_abbrev  0x00003a43      0x149 /usr/lib/gcc/arm-none-eabi/14.2.0/../../../../arm-none-eabi/lib/thumb/v7e-m+fp/hard/libc_nano.a(libc_a-impure.o)
 .debug_abbrev  0x00003b8c      0x15e /usr/lib/gcc/arm-none-eabi/14.2.0/../../../../arm-none-eabi/lib/thumb/v7e-m+fp/hard/libc_nano.a(libc_a-errno.o)
 .debug_abbrev  0x00003cea       0xc9 /usr/lib/gcc/arm-none-eabi/14.2.0/../../../../arm-none-eabi/lib/thumb/v7e-m+fp/hard/libc_nano.a(libc_a-init.o)
 .debug_abbrev  0x00003db3      0x115 /usr/lib/gcc/arm-none-eabi/14.2.0/../../../../arm-none-eabi/lib/thumb/v7e-m+fp/hard/libc_nano.a(libc_a-lock.o)
 .debug_abbrev  0x00003ec8      0x236 /usr/lib/gcc/arm-none-eabi/14.2.0/../../../../arm-none-eabi/lib/thumb/v7e-m+fp/hard/libc_nano.a(libc_a-freer.o)
 .debug_abbrev  0x000040fe      0x24a /usr/lib/gcc/arm-none-eabi/14.2.0/../../../../arm-none-eabi/lib/thumb/v7e-m+fp/hard/libc_nano.a(libc_a-mallocr.o)
 .debug_abbrev  0x00004348      0x1bf /usr/lib/gcc/arm-none-eabi/14.2.0/../../../../arm-none-eabi/lib/thumb/v7e-m+fp/hard/libc_nano.a(libc_a-mlock.o)
 .debug_abbrev  0x00004507      0x31e /usr/lib/gcc/arm-none-eabi/14.2.0/../../../../arm-none-eabi/lib/thumb/v7e-m+fp/hard/libc_nano.a(libc_a-nano-svfprintf.o)
 .debug_abbrev  0x00004825      0x28e /usr/lib/gcc/arm-none-eabi/14.2.0/../../../../arm-none-eabi/lib/thumb/v7e-m+fp/hard/libc_nano.a(libc_a-nano-vfprintf_i.o)
 .debug_abbrev  0x00004ab3       0xac /usr/lib/gcc/arm-none-eabi/14.2.0/../../../../arm-none-eabi/lib/thumb/v7e-m+fp/hard/libc_nano.a(libc_a-memmove.o)
 .debug_abbrev  0x00004b5f      0x1da /usr/lib/gcc/arm-none-eabi/14.2.0/../../../../arm-none-eabi/lib/thumb/v7e-m+fp/hard/libc_nano.a(libc_a-sbrkr.o)
 .debug_abbrev  0x00004d39       0x14 /usr/lib/gcc/arm-none-eabi/14.2.0/../../../../arm-none-eabi/lib/thumb/v7e-m+fp/hard/libc_nano.a(libc_a-memchr.o)
 .debug_abbrev  0x00004d4d       0xc1 /usr/lib/gcc/arm-none-eabi/14.2.0/../../../../arm-none-eabi/lib/thumb/v7e-m+fp/hard/libc_nano.a(libc_a-memcpy-stub.o)
 .debug_abbrev  0x00004e0e      0x217 /usr/lib/gcc/arm-none-eabi/14.2.0/../../../../arm-none-eabi/lib/thumb/v7e-m+fp/hard/libc_nano.a(libc_a-reallocr.o)
 .debug_abbrev  0x00005025      0x196 /usr/lib/gcc/arm-none-eabi/14.2.0/../../../../arm-none-eabi/lib/thumb/v7e-m+fp/hard/libc_nano.a(libc_a-msizer.o)
 .debug_abbrev  0x000051bb       0x14 /usr/lib/gcc/arm-none-eabi/14.2.0/thumb/v7e-m+fp/hard/libgcc.a(_aeabi_uldivmod.o)
 .debug_abbrev  0x000051cf      0x16a /usr/lib/gcc/arm-none-eabi/14.2.0/thumb/v7e-m+fp/hard/libgcc.a(_udivmoddi4.o)
 .debug_abbrev  0x00005339       0x26 /usr/lib/gcc/arm-none-eabi/14.2.0/thumb/v7e-m+fp/hard/libgcc.a(_dvmd_tls.o)

.debug_loc      0x00000000    0x1873b
 .debug_loc     0x00000000      0x295 build/main.o
 .debug_loc     0x00000295      0x25d build/dht11.o
 .debug_loc     0x000004f2       0xad build/uart.o
 .debug_loc     0x0000059f       0x9b build/uart_stm32f466.o
 .debug_loc     0x0000063a      0x2c8 build/lcd_hd44780.o
 .debug_loc     0x00000902       0x86 build/i2c_interface.o
 .debug_loc     0x00000988       0x60 build/button.o
 .debug_loc     0x000009e8       0xb0 build/clock.o
 .debug_loc     0x00000a98       0x80 build/stm32f4xx_it.o
 .debug_loc     0x00000b18      0x431 build/stm32f4xx_hal_msp.o
 .debug_loc     0x00000f49     0x507d build/stm32f4xx_hal_uart.o
 .debug_loc     0x00005fc6      0x712 build/stm32f4xx_hal_rcc.o
 .debug_loc     0x000066d8      0xf46 build/stm32f4xx_hal_rcc_ex.o
 .debug_loc     0x0000761e      0x60b build/stm32f4xx_hal_gpio.o
 .debug_loc     0x00007c29      0x8ff build/stm32f4xx_hal_cortex.o
 .debug_loc     0x00008528      0x1f9 build/stm32f4xx_hal.o
 .debug_loc     0x00008721       0xb0 build/system_stm32f4xx.o
 .debug_loc     0x000087d1       0x90 build/sysmem.o
 .debug_loc     0x00008861     0x545a build/stm32f4xx_hal_i2c.o
 .debug_loc     0x0000dcbb     0x11a9 build/stm32f4xx_hal_rtc.o
 .debug_loc     0x0000ee64     0x1527 build/stm32f4xx_hal_rtc_ex.o
 .debug_loc     0x0001038b     0x60a7 build/stm32f4xx_hal_tim.o
 .debug_loc     0x00016432     0x2309 build/stm32f4xx_hal_tim_ex.o

.debug_aranges  0x00000000     0x15e0
 .debug_aranges
                0x00000000       0x70 build/main.o
 .debug_aranges
                0x00000070       0x40 build/dht11.o
 .debug_aranges
                0x000000b0       0x30 build/uart.o
 .debug_aranges
                0x000000e0       0x30 build/uart_stm32f466.o
 .debug_aranges
                0x00000110       0x48 build/lcd_hd44780.o
 .debug_aranges
                0x00000158       0x20 build/i2c_interface.o
 .debug_aranges
                0x00000178       0x30 build/button.o
 .debug_aranges
                0x000001a8       0x28 build/clock.o
 .debug_aranges
                0x000001d0       0x78 build/stm32f4xx_it.o
 .debug_aranges
                0x00000248       0x60 build/stm32f4xx_hal_msp.o
 .debug_aranges
                0x000002a8      0x208 build/stm32f4xx_hal_uart.o
 .debug_aranges
                0x000004b0       0x88 build/stm32f4xx_hal_rcc.o
 .debug_aranges
                0x00000538       0x78 build/stm32f4xx_hal_rcc_ex.o
 .debug_aranges
                0x000005b0       0x58 build/stm32f4xx_hal_gpio.o
 .debug_aranges
                0x00000608       0xf8 build/stm32f4xx_hal_cortex.o
 .debug_aranges
                0x00000700       0xf0 build/stm32f4xx_hal.o
 .debug_aranges
                0x000007f0       0x28 build/system_stm32f4xx.o
 .debug_aranges
                0x00000818       0x20 build/sysmem.o
 .debug_aranges
                0x00000838      0x2a8 build/stm32f4xx_hal_i2c.o
 .debug_aranges
                0x00000ae0       0xe8 build/stm32f4xx_hal_rtc.o
 .debug_aranges
                0x00000bc8      0x130 build/stm32f4xx_hal_rtc_ex.o
 .debug_aranges
                0x00000cf8      0x3d0 build/stm32f4xx_hal_tim.o
 .debug_aranges
                0x000010c8      0x168 build/stm32f4xx_hal_tim_ex.o
 .debug_aranges
                0x00001230       0x28 build/startup_stm32f446xx.o
 .debug_aranges
                0x00001258       0x78 /usr/lib/gcc/arm-none-eabi/14.2.0/../../../../arm-none-eabi/lib/thumb/v7e-m+fp/hard/libc_nano.a(libc_a-findfp.o)
 .debug_aranges
                0x000012d0       0x28 /usr/lib/gcc/arm-none-eabi/14.2.0/../../../../arm-none-eabi/lib/thumb/v7e-m+fp/hard/libc_nano.a(libc_a-sprintf.o)
 .debug_aranges
                0x000012f8       0x20 /usr/lib/gcc/arm-none-eabi/14.2.0/../../../../arm-none-eabi/lib/thumb/v7e-m+fp/hard/libc_nano.a(libc_a-memset.o)
 .debug_aranges
                0x00001318       0x20 /usr/lib/gcc/arm-none-eabi/14.2.0/../../../../arm-none-eabi/lib/thumb/v7e-m+fp/hard/libc_nano.a(libc_a-reent.o)
 .debug_aranges
                0x00001338       0x18 /usr/lib/gcc/arm-none-eabi/14.2.0/../../../../arm-none-eabi/lib/thumb/v7e-m+fp/hard/libc_nano.a(libc_a-impure.o)
 .debug_aranges
                0x00001350       0x20 /usr/lib/gcc/arm-none-eabi/14.2.0/../../../../arm-none-eabi/lib/thumb/v7e-m+fp/hard/libc_nano.a(libc_a-errno.o)
 .debug_aranges
                0x00001370       0x20 /usr/lib/gcc/arm-none-eabi/14.2.0/../../../../arm-none-eabi/lib/thumb/v7e-m+fp/hard/libc_nano.a(libc_a-init.o)
 .debug_aranges
                0x00001390       0x68 /usr/lib/gcc/arm-none-eabi/14.2.0/../../../../arm-none-eabi/lib/thumb/v7e-m+fp/hard/libc_nano.a(libc_a-lock.o)
 .debug_aranges
                0x000013f8       0x20 /usr/lib/gcc/arm-none-eabi/14.2.0/../../../../arm-none-eabi/lib/thumb/v7e-m+fp/hard/libc_nano.a(libc_a-freer.o)
 .debug_aranges
                0x00001418       0x28 /usr/lib/gcc/arm-none-eabi/14.2.0/../../../../arm-none-eabi/lib/thumb/v7e-m+fp/hard/libc_nano.a(libc_a-mallocr.o)
 .debug_aranges
                0x00001440       0x28 /usr/lib/gcc/arm-none-eabi/14.2.0/../../../../arm-none-eabi/lib/thumb/v7e-m+fp/hard/libc_nano.a(libc_a-mlock.o)
 .debug_aranges
                0x00001468       0x30 /usr/lib/gcc/arm-none-eabi/14.2.0/../../../../arm-none-eabi/lib/thumb/v7e-m+fp/hard/libc_nano.a(libc_a-nano-svfprintf.o)
 .debug_aranges
                0x00001498       0x28 /usr/lib/gcc/arm-none-eabi/14.2.0/../../../../arm-none-eabi/lib/thumb/v7e-m+fp/hard/libc_nano.a(libc_a-nano-vfprintf_i.o)
 .debug_aranges
                0x000014c0       0x20 /usr/lib/gcc/arm-none-eabi/14.2.0/../../../../arm-none-eabi/lib/thumb/v7e-m+fp/hard/libc_nano.a(libc_a-memmove.o)
 .debug_aranges
                0x000014e0       0x20 /usr/lib/gcc/arm-none-eabi/14.2.0/../../../../arm-none-eabi/lib/thumb/v7e-m+fp/hard/libc_nano.a(libc_a-sbrkr.o)
 .debug_aranges
                0x00001500       0x20 /usr/lib/gcc/arm-none-eabi/14.2.0/../../../../arm-none-eabi/lib/thumb/v7e-m+fp/hard/libc_nano.a(libc_a-memchr.o)
 .debug_aranges
                0x00001520       0x20 /usr/lib/gcc/arm-none-eabi/14.2.0/../../../../arm-none-eabi/lib/thumb/v7e-m+fp/hard/libc_nano.a(libc_a-memcpy-stub.o)
 .debug_aranges
                0x00001540       0x20 /usr/lib/gcc/arm-none-eabi/14.2.0/../../../../arm-none-eabi/lib/thumb/v7e-m+fp/hard/libc_nano.a(libc_a-reallocr.o)
 .debug_aranges
                0x00001560       0x20 /usr/lib/gcc/arm-none-eabi/14.2.0/../../../../arm-none-eabi/lib/thumb/v7e-m+fp/hard/libc_nano.a(libc_a-msizer.o)
 .debug_aranges
                0x00001580       0x20 /usr/lib/gcc/arm-none-eabi/14.2.0/thumb/v7e-m+fp/hard/libgcc.a(_aeabi_uldivmod.o)
 .debug_aranges
                0x000015a0       0x20 /usr/lib/gcc/arm-none-eabi/14.2.0/thumb/v7e-m+fp/hard/libgcc.a(_udivmoddi4.o)
 .debug_aranges
                0x000015c0       0x20 /usr/lib/gcc/arm-none-eabi/14.2.0/thumb/v7e-m+fp/hard/libgcc.a(_dvmd_tls.o)

.debug_ranges   0x00000000     0x1128
 .debug_ranges  0x00000000       0x60 build/main.o
 .debug_ranges  0x00000060       0x30 build/dht11.o
 .debug_ranges  0x00000090       0x20 build/uart.o
 .debug_ranges  0x000000b0       0x20 build/uart_stm32f466.o
 .debug_ranges  0x000000d0       0x38 build/lcd_hd44780.o
 .debug_ranges  0x00000108       0x10 build/i2c_interface.o
 .debug_ranges  0x00000118       0x20 build/button.o
 .debug_ranges  0x00000138       0x18 build/clock.o
 .debug_ranges  0x00000150       0x68 build/stm32f4xx_it.o
 .debug_ranges  0x000001b8       0x50 build/stm32f4xx_hal_msp.o
 .debug_ranges  0x00000208      0x1f8 build/stm32f4xx_hal_uart.o
 .debug_ranges  0x00000400       0x90 build/stm32f4xx_hal_rcc.o
 .debug_ranges  0x00000490       0x80 build/stm32f4xx_hal_rcc_ex.o
 .debug_ranges  0x00000510       0x48 build/stm32f4xx_hal_gpio.o
 .debug_ranges  0x00000558       0xe8 build/stm32f4xx_hal_cortex.o
 .debug_ranges  0x00000640       0xe0 build/stm32f4xx_hal.o
 .debug_ranges  0x00000720       0x18 build/system_stm32f4xx.o
 .debug_ranges  0x00000738       0x10 build/sysmem.o
 .debug_ranges  0x00000748      0x2b0 build/stm32f4xx_hal_i2c.o
 .debug_ranges  0x000009f8       0xd8 build/stm32f4xx_hal_rtc.o
 .debug_ranges  0x00000ad0      0x120 build/stm32f4xx_hal_rtc_ex.o
 .debug_ranges  0x00000bf0      0x3c0 build/stm32f4xx_hal_tim.o
 .debug_ranges  0x00000fb0      0x158 build/stm32f4xx_hal_tim_ex.o
 .debug_ranges  0x00001108       0x20 build/startup_stm32f446xx.o

.debug_line     0x00000000    0x194ca
 .debug_line    0x00000000      0x8ba build/main.o
 .debug_line    0x000008ba      0x319 build/dht11.o
 .debug_line    0x00000bd3      0x103 build/uart.o
 .debug_line    0x00000cd6      0x206 build/uart_stm32f466.o
 .debug_line    0x00000edc      0x1ee build/lcd_hd44780.o
 .debug_line    0x000010ca      0x15c build/i2c_interface.o
 .debug_line    0x00001226      0x219 build/button.o
 .debug_line    0x0000143f      0x15c build/clock.o
 .debug_line    0x0000159b      0x282 build/stm32f4xx_it.o
 .debug_line    0x0000181d      0x4a2 build/stm32f4xx_hal_msp.o
 .debug_line    0x00001cbf     0x34a2 build/stm32f4xx_hal_uart.o
 .debug_line    0x00005161      0xb79 build/stm32f4xx_hal_rcc.o
 .debug_line    0x00005cda     0x1421 build/stm32f4xx_hal_rcc_ex.o
 .debug_line    0x000070fb      0x689 build/stm32f4xx_hal_gpio.o
 .debug_line    0x00007784      0x7d2 build/stm32f4xx_hal_cortex.o
 .debug_line    0x00007f56      0x50f build/stm32f4xx_hal.o
 .debug_line    0x00008465      0x1f5 build/system_stm32f4xx.o
 .debug_line    0x0000865a      0x13c build/sysmem.o
 .debug_line    0x00008796     0x5381 build/stm32f4xx_hal_i2c.o
 .debug_line    0x0000db17     0x102b build/stm32f4xx_hal_rtc.o
 .debug_line    0x0000eb42     0x1214 build/stm32f4xx_hal_rtc_ex.o
 .debug_line    0x0000fd56     0x46bd build/stm32f4xx_hal_tim.o
 .debug_line    0x00014413     0x19ef build/stm32f4xx_hal_tim_ex.o
 .debug_line    0x00015e02       0x73 build/startup_stm32f446xx.o
 .debug_line    0x00015e75      0x56e /usr/lib/gcc/arm-none-eabi/14.2.0/../../../../arm-none-eabi/lib/thumb/v7e-m+fp/hard/libc_nano.a(libc_a-findfp.o)
 .debug_line    0x000163e3      0x249 /usr/lib/gcc/arm-none-eabi/14.2.0/../../../../arm-none-eabi/lib/thumb/v7e-m+fp/hard/libc_nano.a(libc_a-sprintf.o)
 .debug_line    0x0001662c      0x123 /usr/lib/gcc/arm-none-eabi/14.2.0/../../../../arm-none-eabi/lib/thumb/v7e-m+fp/hard/libc_nano.a(libc_a-memset.o)
 .debug_line    0x0001674f      0x292 /usr/lib/gcc/arm-none-eabi/14.2.0/../../../../arm-none-eabi/lib/thumb/v7e-m+fp/hard/libc_nano.a(libc_a-reent.o)
 .debug_line    0x000169e1      0x108 /usr/lib/gcc/arm-none-eabi/14.2.0/../../../../arm-none-eabi/lib/thumb/v7e-m+fp/hard/libc_nano.a(libc_a-impure.o)
 .debug_line    0x00016ae9      0x12a /usr/lib/gcc/arm-none-eabi/14.2.0/../../../../arm-none-eabi/lib/thumb/v7e-m+fp/hard/libc_nano.a(libc_a-errno.o)
 .debug_line    0x00016c13      0x115 /usr/lib/gcc/arm-none-eabi/14.2.0/../../../../arm-none-eabi/lib/thumb/v7e-m+fp/hard/libc_nano.a(libc_a-init.o)
 .debug_line    0x00016d28      0x17d /usr/lib/gcc/arm-none-eabi/14.2.0/../../../../arm-none-eabi/lib/thumb/v7e-m+fp/hard/libc_nano.a(libc_a-lock.o)
 .debug_line    0x00016ea5      0x2aa /usr/lib/gcc/arm-none-eabi/14.2.0/../../../../arm-none-eabi/lib/thumb/v7e-m+fp/hard/libc_nano.a(libc_a-freer.o)
 .debug_line    0x0001714f      0x47a /usr/lib/gcc/arm-none-eabi/14.2.0/../../../../arm-none-eabi/lib/thumb/v7e-m+fp/hard/libc_nano.a(libc_a-mallocr.o)
 .debug_line    0x000175c9      0x18a /usr/lib/gcc/arm-none-eabi/14.2.0/../../../../arm-none-eabi/lib/thumb/v7e-m+fp/hard/libc_nano.a(libc_a-mlock.o)
 .debug_line    0x00017753      0x80f /usr/lib/gcc/arm-none-eabi/14.2.0/../../../../arm-none-eabi/lib/thumb/v7e-m+fp/hard/libc_nano.a(libc_a-nano-svfprintf.o)
 .debug_line    0x00017f62      0x6a7 /usr/lib/gcc/arm-none-eabi/14.2.0/../../../../arm-none-eabi/lib/thumb/v7e-m+fp/hard/libc_nano.a(libc_a-nano-vfprintf_i.o)
 .debug_line    0x00018609      0x160 /usr/lib/gcc/arm-none-eabi/14.2.0/../../../../arm-none-eabi/lib/thumb/v7e-m+fp/hard/libc_nano.a(libc_a-memmove.o)
 .debug_line    0x00018769      0x1bc /usr/lib/gcc/arm-none-eabi/14.2.0/../../../../arm-none-eabi/lib/thumb/v7e-m+fp/hard/libc_nano.a(libc_a-sbrkr.o)
 .debug_line    0x00018925       0x84 /usr/lib/gcc/arm-none-eabi/14.2.0/../../../../arm-none-eabi/lib/thumb/v7e-m+fp/hard/libc_nano.a(libc_a-memchr.o)
 .debug_line    0x000189a9      0x191 /usr/lib/gcc/arm-none-eabi/14.2.0/../../../../arm-none-eabi/lib/thumb/v7e-m+fp/hard/libc_nano.a(libc_a-memcpy-stub.o)
 .debug_line    0x00018b3a      0x20f /usr/lib/gcc/arm-none-eabi/14.2.0/../../../../arm-none-eabi/lib/thumb/v7e-m+fp/hard/libc_nano.a(libc_a-reallocr.o)
 .debug_line    0x00018d49      0x1a2 /usr/lib/gcc/arm-none-eabi/14.2.0/../../../../arm-none-eabi/lib/thumb/v7e-m+fp/hard/libc_nano.a(libc_a-msizer.o)
 .debug_line    0x00018eeb       0x4e /usr/lib/gcc/arm-none-eabi/14.2.0/thumb/v7e-m+fp/hard/libgcc.a(_aeabi_uldivmod.o)
 .debug_line    0x00018f39      0x547 /usr/lib/gcc/arm-none-eabi/14.2.0/thumb/v7e-m+fp/hard/libgcc.a(_udivmoddi4.o)
 .debug_line    0x00019480       0x4a /usr/lib/gcc/arm-none-eabi/14.2.0/thumb/v7e-m+fp/hard/libgcc.a(_dvmd_tls.o)

.debug_str      0x00000000     0x6cbf
 .debug_str     0x00000000     0x6cbf build/main.o
                               0x150f (size before relaxing)
 .debug_str     0x00006cbf      0x8e1 build/dht11.o
 .debug_str     0x00006cbf      0x1cc build/uart.o
 .debug_str     0x00006cbf      0x69e build/uart_stm32f466.o
 .debug_str     0x00006cbf      0x219 build/lcd_hd44780.o
 .debug_str     0x00006cbf      0x6ec build/i2c_interface.o
 .debug_str     0x00006cbf      0x54e build/button.o
 .debug_str     0x00006cbf      0x4cb build/clock.o
 .debug_str     0x00006cbf      0x970 build/stm32f4xx_it.o
 .debug_str     0x00006cbf     0x1734 build/stm32f4xx_hal_msp.o
 .debug_str     0x00006cbf      0xd6b build/stm32f4xx_hal_uart.o
 .debug_str     0x00006cbf      0x700 build/stm32f4xx_hal_rcc.o
 .debug_str     0x00006cbf      0x7e7 build/stm32f4xx_hal_rcc_ex.o
 .debug_str     0x00006cbf      0x4d5 build/stm32f4xx_hal_gpio.o
 .debug_str     0x00006cbf      0xc86 build/stm32f4xx_hal_cortex.o
 .debug_str     0x00006cbf      0xb9a build/stm32f4xx_hal.o
 .debug_str     0x00006cbf      0x36a build/system_stm32f4xx.o
 .debug_str     0x00006cbf      0x1f5 build/sysmem.o
 .debug_str     0x00006cbf     0x1012 build/stm32f4xx_hal_i2c.o
 .debug_str     0x00006cbf      0x7b4 build/stm32f4xx_hal_rtc.o
 .debug_str     0x00006cbf      0xa8b build/stm32f4xx_hal_rtc_ex.o
 .debug_str     0x00006cbf     0x16cf build/stm32f4xx_hal_tim.o
 .debug_str     0x00006cbf      0xedb build/stm32f4xx_hal_tim_ex.o
 .debug_str     0x00006cbf       0x59 build/startup_stm32f446xx.o
 .debug_str     0x00006cbf      0x762 /usr/lib/gcc/arm-none-eabi/14.2.0/../../../../arm-none-eabi/lib/thumb/v7e-m+fp/hard/libc_nano.a(libc_a-findfp.o)
 .debug_str     0x00006cbf      0x51e /usr/lib/gcc/arm-none-eabi/14.2.0/../../../../arm-none-eabi/lib/thumb/v7e-m+fp/hard/libc_nano.a(libc_a-sprintf.o)
 .debug_str     0x00006cbf      0x1bf /usr/lib/gcc/arm-none-eabi/14.2.0/../../../../arm-none-eabi/lib/thumb/v7e-m+fp/hard/libc_nano.a(libc_a-memset.o)
 .debug_str     0x00006cbf      0x4fe /usr/lib/gcc/arm-none-eabi/14.2.0/../../../../arm-none-eabi/lib/thumb/v7e-m+fp/hard/libc_nano.a(libc_a-reent.o)
 .debug_str     0x00006cbf      0x4df /usr/lib/gcc/arm-none-eabi/14.2.0/../../../../arm-none-eabi/lib/thumb/v7e-m+fp/hard/libc_nano.a(libc_a-impure.o)
 .debug_str     0x00006cbf      0x4d9 /usr/lib/gcc/arm-none-eabi/14.2.0/../../../../arm-none-eabi/lib/thumb/v7e-m+fp/hard/libc_nano.a(libc_a-errno.o)
 .debug_str     0x00006cbf      0x220 /usr/lib/gcc/arm-none-eabi/14.2.0/../../../../arm-none-eabi/lib/thumb/v7e-m+fp/hard/libc_nano.a(libc_a-init.o)
 .debug_str     0x00006cbf      0x356 /usr/lib/gcc/arm-none-eabi/14.2.0/../../../../arm-none-eabi/lib/thumb/v7e-m+fp/hard/libc_nano.a(libc_a-lock.o)
 .debug_str     0x00006cbf      0x55f /usr/lib/gcc/arm-none-eabi/14.2.0/../../../../arm-none-eabi/lib/thumb/v7e-m+fp/hard/libc_nano.a(libc_a-freer.o)
 .debug_str     0x00006cbf      0x5c0 /usr/lib/gcc/arm-none-eabi/14.2.0/../../../../arm-none-eabi/lib/thumb/v7e-m+fp/hard/libc_nano.a(libc_a-mallocr.o)
 .debug_str     0x00006cbf      0x561 /usr/lib/gcc/arm-none-eabi/14.2.0/../../../../arm-none-eabi/lib/thumb/v7e-m+fp/hard/libc_nano.a(libc_a-mlock.o)
 .debug_str     0x00006cbf      0x828 /usr/lib/gcc/arm-none-eabi/14.2.0/../../../../arm-none-eabi/lib/thumb/v7e-m+fp/hard/libc_nano.a(libc_a-nano-svfprintf.o)
 .debug_str     0x00006cbf      0x7be /usr/lib/gcc/arm-none-eabi/14.2.0/../../../../arm-none-eabi/lib/thumb/v7e-m+fp/hard/libc_nano.a(libc_a-nano-vfprintf_i.o)
 .debug_str     0x00006cbf      0x1da /usr/lib/gcc/arm-none-eabi/14.2.0/../../../../arm-none-eabi/lib/thumb/v7e-m+fp/hard/libc_nano.a(libc_a-memmove.o)
 .debug_str     0x00006cbf      0x4e8 /usr/lib/gcc/arm-none-eabi/14.2.0/../../../../arm-none-eabi/lib/thumb/v7e-m+fp/hard/libc_nano.a(libc_a-sbrkr.o)
 .debug_str     0x00006cbf       0xa9 /usr/lib/gcc/arm-none-eabi/14.2.0/../../../../arm-none-eabi/lib/thumb/v7e-m+fp/hard/libc_nano.a(libc_a-memchr.o)
 .debug_str     0x00006cbf      0x1dd /usr/lib/gcc/arm-none-eabi/14.2.0/../../../../arm-none-eabi/lib/thumb/v7e-m+fp/hard/libc_nano.a(libc_a-memcpy-stub.o)
 .debug_str     0x00006cbf      0x555 /usr/lib/gcc/arm-none-eabi/14.2.0/../../../../arm-none-eabi/lib/thumb/v7e-m+fp/hard/libc_nano.a(libc_a-reallocr.o)
 .debug_str     0x00006cbf      0x528 /usr/lib/gcc/arm-none-eabi/14.2.0/../../../../arm-none-eabi/lib/thumb/v7e-m+fp/hard/libc_nano.a(libc_a-msizer.o)
 .debug_str     0x00006cbf       0x9e /usr/lib/gcc/arm-none-eabi/14.2.0/thumb/v7e-m+fp/hard/libgcc.a(_aeabi_uldivmod.o)
 .debug_str     0x00006cbf      0x6b6 /usr/lib/gcc/arm-none-eabi/14.2.0/thumb/v7e-m+fp/hard/libgcc.a(_udivmoddi4.o)
 .debug_str     0x00006cbf       0xbe /usr/lib/gcc/arm-none-eabi/14.2.0/thumb/v7e-m+fp/hard/libgcc.a(_dvmd_tls.o)

.debug_frame    0x00000000     0x38bc
 .debug_frame   0x00000000      0x144 build/main.o
 .debug_frame   0x00000144       0x94 build/dht11.o
 .debug_frame   0x000001d8       0x58 build/uart.o
 .debug_frame   0x00000230       0x5c build/uart_stm32f466.o
 .debug_frame   0x0000028c       0xa4 build/lcd_hd44780.o
 .debug_frame   0x00000330       0x2c build/i2c_interface.o
 .debug_frame   0x0000035c       0x60 build/button.o
 .debug_frame   0x000003bc       0x44 build/clock.o
 .debug_frame   0x00000400       0xf0 build/stm32f4xx_it.o
 .debug_frame   0x000004f0      0x110 build/stm32f4xx_hal_msp.o
 .debug_frame   0x00000600      0x5e0 build/stm32f4xx_hal_uart.o
 .debug_frame   0x00000be0      0x16c build/stm32f4xx_hal_rcc.o
 .debug_frame   0x00000d4c      0x14c build/stm32f4xx_hal_rcc_ex.o
 .debug_frame   0x00000e98       0xd8 build/stm32f4xx_hal_gpio.o
 .debug_frame   0x00000f70      0x214 build/stm32f4xx_hal_cortex.o
 .debug_frame   0x00001184      0x1ec build/stm32f4xx_hal.o
 .debug_frame   0x00001370       0x30 build/system_stm32f4xx.o
 .debug_frame   0x000013a0       0x28 build/sysmem.o
 .debug_frame   0x000013c8      0x988 build/stm32f4xx_hal_i2c.o
 .debug_frame   0x00001d50      0x284 build/stm32f4xx_hal_rtc.o
 .debug_frame   0x00001fd4      0x388 build/stm32f4xx_hal_rtc_ex.o
 .debug_frame   0x0000235c      0xb10 build/stm32f4xx_hal_tim.o
 .debug_frame   0x00002e6c      0x418 build/stm32f4xx_hal_tim_ex.o
 .debug_frame   0x00003284      0x144 /usr/lib/gcc/arm-none-eabi/14.2.0/../../../../arm-none-eabi/lib/thumb/v7e-m+fp/hard/libc_nano.a(libc_a-findfp.o)
 .debug_frame   0x000033c8       0x74 /usr/lib/gcc/arm-none-eabi/14.2.0/../../../../arm-none-eabi/lib/thumb/v7e-m+fp/hard/libc_nano.a(libc_a-sprintf.o)
 .debug_frame   0x0000343c       0x20 /usr/lib/gcc/arm-none-eabi/14.2.0/../../../../arm-none-eabi/lib/thumb/v7e-m+fp/hard/libc_nano.a(libc_a-memset.o)
 .debug_frame   0x0000345c       0x38 /usr/lib/gcc/arm-none-eabi/14.2.0/../../../../arm-none-eabi/lib/thumb/v7e-m+fp/hard/libc_nano.a(libc_a-reent.o)
 .debug_frame   0x00003494       0x20 /usr/lib/gcc/arm-none-eabi/14.2.0/../../../../arm-none-eabi/lib/thumb/v7e-m+fp/hard/libc_nano.a(libc_a-errno.o)
 .debug_frame   0x000034b4       0x2c /usr/lib/gcc/arm-none-eabi/14.2.0/../../../../arm-none-eabi/lib/thumb/v7e-m+fp/hard/libc_nano.a(libc_a-init.o)
 .debug_frame   0x000034e0       0xb0 /usr/lib/gcc/arm-none-eabi/14.2.0/../../../../arm-none-eabi/lib/thumb/v7e-m+fp/hard/libc_nano.a(libc_a-lock.o)
 .debug_frame   0x00003590       0x38 /usr/lib/gcc/arm-none-eabi/14.2.0/../../../../arm-none-eabi/lib/thumb/v7e-m+fp/hard/libc_nano.a(libc_a-freer.o)
 .debug_frame   0x000035c8       0x50 /usr/lib/gcc/arm-none-eabi/14.2.0/../../../../arm-none-eabi/lib/thumb/v7e-m+fp/hard/libc_nano.a(libc_a-mallocr.o)
 .debug_frame   0x00003618       0x30 /usr/lib/gcc/arm-none-eabi/14.2.0/../../../../arm-none-eabi/lib/thumb/v7e-m+fp/hard/libc_nano.a(libc_a-mlock.o)
 .debug_frame   0x00003648       0x90 /usr/lib/gcc/arm-none-eabi/14.2.0/../../../../arm-none-eabi/lib/thumb/v7e-m+fp/hard/libc_nano.a(libc_a-nano-svfprintf.o)
 .debug_frame   0x000036d8       0x60 /usr/lib/gcc/arm-none-eabi/14.2.0/../../../../arm-none-eabi/lib/thumb/v7e-m+fp/hard/libc_nano.a(libc_a-nano-vfprintf_i.o)
 .debug_frame   0x00003738       0x28 /usr/lib/gcc/arm-none-eabi/14.2.0/../../../../arm-none-eabi/lib/thumb/v7e-m+fp/hard/libc_nano.a(libc_a-memmove.o)
 .debug_frame   0x00003760       0x2c /usr/lib/gcc/arm-none-eabi/14.2.0/../../../../arm-none-eabi/lib/thumb/v7e-m+fp/hard/libc_nano.a(libc_a-sbrkr.o)
 .debug_frame   0x0000378c       0x4c /usr/lib/gcc/arm-none-eabi/14.2.0/../../../../arm-none-eabi/lib/thumb/v7e-m+fp/hard/libc_nano.a(libc_a-memchr.o)
 .debug_frame   0x000037d8       0x28 /usr/lib/gcc/arm-none-eabi/14.2.0/../../../../arm-none-eabi/lib/thumb/v7e-m+fp/hard/libc_nano.a(libc_a-memcpy-stub.o)
 .debug_frame   0x00003800       0x3c /usr/lib/gcc/arm-none-eabi/14.2.0/../../../../arm-none-eabi/lib/thumb/v7e-m+fp/hard/libc_nano.a(libc_a-reallocr.o)
 .debug_frame   0x0000383c       0x20 /usr/lib/gcc/arm-none-eabi/14.2.0/../../../../arm-none-eabi/lib/thumb/v7e-m+fp/hard/libc_nano.a(libc_a-msizer.o)
 .debug_frame   0x0000385c       0x2c /usr/lib/gcc/arm-none-eabi/14.2.0/thumb/v7e-m+fp/hard/libgcc.a(_aeabi_uldivmod.o)
 .debug_frame   0x00003888       0x34 /usr/lib/gcc/arm-none-eabi/14.2.0/thumb/v7e-m+fp/hard/libgcc.a(_udivmoddi4.o)

.debug_loclists
                0x00000000     0x1e94
 .debug_loclists
                0x00000000      0x2b6 /usr/lib/gcc/arm-none-eabi/14.2.0/../../../../arm-none-eabi/lib/thumb/v7e-m+fp/hard/libc_nano.a(libc_a-findfp.o)
 .debug_loclists
                0x000002b6       0x9b /usr/lib/gcc/arm-none-eabi/14.2.0/../../../../arm-none-eabi/lib/thumb/v7e-m+fp/hard/libc_nano.a(libc_a-sprintf.o)
 .debug_loclists
                0x00000351       0x4d /usr/lib/gcc/arm-none-eabi/14.2.0/../../../../arm-none-eabi/lib/thumb/v7e-m+fp/hard/libc_nano.a(libc_a-memset.o)
 .debug_loclists
                0x0000039e       0x9c /usr/lib/gcc/arm-none-eabi/14.2.0/../../../../arm-none-eabi/lib/thumb/v7e-m+fp/hard/libc_nano.a(libc_a-reent.o)
 .debug_loclists
                0x0000043a       0x54 /usr/lib/gcc/arm-none-eabi/14.2.0/../../../../arm-none-eabi/lib/thumb/v7e-m+fp/hard/libc_nano.a(libc_a-init.o)
 .debug_loclists
                0x0000048e       0x29 /usr/lib/gcc/arm-none-eabi/14.2.0/../../../../arm-none-eabi/lib/thumb/v7e-m+fp/hard/libc_nano.a(libc_a-lock.o)
 .debug_loclists
                0x000004b7       0xe0 /usr/lib/gcc/arm-none-eabi/14.2.0/../../../../arm-none-eabi/lib/thumb/v7e-m+fp/hard/libc_nano.a(libc_a-freer.o)
 .debug_loclists
                0x00000597      0x23a /usr/lib/gcc/arm-none-eabi/14.2.0/../../../../arm-none-eabi/lib/thumb/v7e-m+fp/hard/libc_nano.a(libc_a-mallocr.o)
 .debug_loclists
                0x000007d1       0x46 /usr/lib/gcc/arm-none-eabi/14.2.0/../../../../arm-none-eabi/lib/thumb/v7e-m+fp/hard/libc_nano.a(libc_a-mlock.o)
 .debug_loclists
                0x00000817      0x4c3 /usr/lib/gcc/arm-none-eabi/14.2.0/../../../../arm-none-eabi/lib/thumb/v7e-m+fp/hard/libc_nano.a(libc_a-nano-svfprintf.o)
 .debug_loclists
                0x00000cda      0x449 /usr/lib/gcc/arm-none-eabi/14.2.0/../../../../arm-none-eabi/lib/thumb/v7e-m+fp/hard/libc_nano.a(libc_a-nano-vfprintf_i.o)
 .debug_loclists
                0x00001123      0x149 /usr/lib/gcc/arm-none-eabi/14.2.0/../../../../arm-none-eabi/lib/thumb/v7e-m+fp/hard/libc_nano.a(libc_a-memmove.o)
 .debug_loclists
                0x0000126c       0x58 /usr/lib/gcc/arm-none-eabi/14.2.0/../../../../arm-none-eabi/lib/thumb/v7e-m+fp/hard/libc_nano.a(libc_a-sbrkr.o)
 .debug_loclists
                0x000012c4       0xad /usr/lib/gcc/arm-none-eabi/14.2.0/../../../../arm-none-eabi/lib/thumb/v7e-m+fp/hard/libc_nano.a(libc_a-memcpy-stub.o)
 .debug_loclists
                0x00001371      0x137 /usr/lib/gcc/arm-none-eabi/14.2.0/../../../../arm-none-eabi/lib/thumb/v7e-m+fp/hard/libc_nano.a(libc_a-reallocr.o)
 .debug_loclists
                0x000014a8       0x68 /usr/lib/gcc/arm-none-eabi/14.2.0/../../../../arm-none-eabi/lib/thumb/v7e-m+fp/hard/libc_nano.a(libc_a-msizer.o)
 .debug_loclists
                0x00001510      0x984 /usr/lib/gcc/arm-none-eabi/14.2.0/thumb/v7e-m+fp/hard/libgcc.a(_udivmoddi4.o)

.debug_rnglists
                0x00000000      0x310
 .debug_rnglists
                0x00000000       0x7d /usr/lib/gcc/arm-none-eabi/14.2.0/../../../../arm-none-eabi/lib/thumb/v7e-m+fp/hard/libc_nano.a(libc_a-findfp.o)
 .debug_rnglists
                0x0000007d       0x19 /usr/lib/gcc/arm-none-eabi/14.2.0/../../../../arm-none-eabi/lib/thumb/v7e-m+fp/hard/libc_nano.a(libc_a-sprintf.o)
 .debug_rnglists
                0x00000096       0x13 /usr/lib/gcc/arm-none-eabi/14.2.0/../../../../arm-none-eabi/lib/thumb/v7e-m+fp/hard/libc_nano.a(libc_a-memset.o)
 .debug_rnglists
                0x000000a9       0x2c /usr/lib/gcc/arm-none-eabi/14.2.0/../../../../arm-none-eabi/lib/thumb/v7e-m+fp/hard/libc_nano.a(libc_a-reent.o)
 .debug_rnglists
                0x000000d5       0x13 /usr/lib/gcc/arm-none-eabi/14.2.0/../../../../arm-none-eabi/lib/thumb/v7e-m+fp/hard/libc_nano.a(libc_a-errno.o)
 .debug_rnglists
                0x000000e8       0x13 /usr/lib/gcc/arm-none-eabi/14.2.0/../../../../arm-none-eabi/lib/thumb/v7e-m+fp/hard/libc_nano.a(libc_a-init.o)
 .debug_rnglists
                0x000000fb       0x49 /usr/lib/gcc/arm-none-eabi/14.2.0/../../../../arm-none-eabi/lib/thumb/v7e-m+fp/hard/libc_nano.a(libc_a-lock.o)
 .debug_rnglists
                0x00000144       0x14 /usr/lib/gcc/arm-none-eabi/14.2.0/../../../../arm-none-eabi/lib/thumb/v7e-m+fp/hard/libc_nano.a(libc_a-freer.o)
 .debug_rnglists
                0x00000158       0x2c /usr/lib/gcc/arm-none-eabi/14.2.0/../../../../arm-none-eabi/lib/thumb/v7e-m+fp/hard/libc_nano.a(libc_a-mallocr.o)
 .debug_rnglists
                0x00000184       0x19 /usr/lib/gcc/arm-none-eabi/14.2.0/../../../../arm-none-eabi/lib/thumb/v7e-m+fp/hard/libc_nano.a(libc_a-mlock.o)
 .debug_rnglists
                0x0000019d       0x40 /usr/lib/gcc/arm-none-eabi/14.2.0/../../../../arm-none-eabi/lib/thumb/v7e-m+fp/hard/libc_nano.a(libc_a-nano-svfprintf.o)
 .debug_rnglists
                0x000001dd       0x61 /usr/lib/gcc/arm-none-eabi/14.2.0/../../../../arm-none-eabi/lib/thumb/v7e-m+fp/hard/libc_nano.a(libc_a-nano-vfprintf_i.o)
 .debug_rnglists
                0x0000023e       0x13 /usr/lib/gcc/arm-none-eabi/14.2.0/../../../../arm-none-eabi/lib/thumb/v7e-m+fp/hard/libc_nano.a(libc_a-memmove.o)
 .debug_rnglists
                0x00000251       0x13 /usr/lib/gcc/arm-none-eabi/14.2.0/../../../../arm-none-eabi/lib/thumb/v7e-m+fp/hard/libc_nano.a(libc_a-sbrkr.o)
 .debug_rnglists
                0x00000264       0x13 /usr/lib/gcc/arm-none-eabi/14.2.0/../../../../arm-none-eabi/lib/thumb/v7e-m+fp/hard/libc_nano.a(libc_a-memcpy-stub.o)
 .debug_rnglists
                0x00000277       0x13 /usr/lib/gcc/arm-none-eabi/14.2.0/../../../../arm-none-eabi/lib/thumb/v7e-m+fp/hard/libc_nano.a(libc_a-reallocr.o)
 .debug_rnglists
                0x0000028a       0x13 /usr/lib/gcc/arm-none-eabi/14.2.0/../../../../arm-none-eabi/lib/thumb/v7e-m+fp/hard/libc_nano.a(libc_a-msizer.o)
 .debug_rnglists
                0x0000029d       0x73 /usr/lib/gcc/arm-none-eabi/14.2.0/thumb/v7e-m+fp/hard/libgcc.a(_udivmoddi4.o)

.debug_line_str
                0x00000000      0x13b
 .debug_line_str
                0x00000000      0x13b /usr/lib/gcc/arm-none-eabi/14.2.0/../../../../arm-none-eabi/lib/thumb/v7e-m+fp/hard/libc_nano.a(libc_a-memchr.o)
                                 0x9d (size before relaxing)
 .debug_line_str
                0x0000013b       0x92 /usr/lib/gcc/arm-none-eabi/14.2.0/thumb/v7e-m+fp/hard/libgcc.a(_aeabi_uldivmod.o)
 .debug_line_str
                0x0000013b       0x96 /usr/lib/gcc/arm-none-eabi/14.2.0/thumb/v7e-m+fp/hard/libgcc.a(_dvmd_tls.o)

Cross Reference Table

Symbol                                            File
ADC_IRQHandler                                    build/startup_stm32f446xx.o
AHBPrescTable                                     build/system_stm32f4xx.o
                                                  build/stm32f4xx_hal_rcc.o
APBPrescTable                                     build/system_stm32f4xx.o
                                                  build/stm32f4xx_hal_rcc.o
BusFault_Handler                                  build/stm32f4xx_it.o
Button_Scan                                       build/button.o
                                                  build/main.o
CAN1_RX0_IRQHandler                               build/startup_stm32f446xx.o
CAN1_RX1_IRQHandler                               build/startup_stm32f446xx.o
CAN1_SCE_IRQHandler                               build/startup_stm32f446xx.o
CAN1_TX_IRQHandler                                build/startup_stm32f446xx.o
CAN2_RX0_IRQHandler                               build/startup_stm32f446xx.o
CAN2_RX1_IRQHandler                               build/startup_stm32f446xx.o
CAN2_SCE_IRQHandler                               build/startup_stm32f446xx.o
CAN2_TX_IRQHandler                                build/startup_stm32f446xx.o
CEC_IRQHandler                                    build/startup_stm32f446xx.o
DCMI_IRQHandler                                   build/startup_stm32f446xx.o
DHT_Get_Results                                   build/dht11.o
DHT_Read                                          build/dht11.o
                                                  build/main.o
DHT_Start                                         build/dht11.o
DHT_TIM_IC_CaptureCallback                        build/dht11.o
                                                  build/main.o
DHT_init                                          build/dht11.o
                                                  build/main.o
DMA1_Stream0_IRQHandler                           build/startup_stm32f446xx.o
DMA1_Stream1_IRQHandler                           build/startup_stm32f446xx.o
DMA1_Stream2_IRQHandler                           build/startup_stm32f446xx.o
DMA1_Stream3_IRQHandler                           build/startup_stm32f446xx.o
DMA1_Stream4_IRQHandler                           build/startup_stm32f446xx.o
DMA1_Stream5_IRQHandler                           build/startup_stm32f446xx.o
DMA1_Stream6_IRQHandler                           build/startup_stm32f446xx.o
DMA1_Stream7_IRQHandler                           build/startup_stm32f446xx.o
DMA2_Stream0_IRQHandler                           build/startup_stm32f446xx.o
DMA2_Stream1_IRQHandler                           build/startup_stm32f446xx.o
DMA2_Stream2_IRQHandler                           build/startup_stm32f446xx.o
DMA2_Stream3_IRQHandler                           build/startup_stm32f446xx.o
DMA2_Stream4_IRQHandler                           build/startup_stm32f446xx.o
DMA2_Stream5_IRQHandler                           build/startup_stm32f446xx.o
DMA2_Stream6_IRQHandler                           build/startup_stm32f446xx.o
DMA2_Stream7_IRQHandler                           build/startup_stm32f446xx.o
DebugMon_Handler                                  build/stm32f4xx_it.o
Default_Handler                                   build/startup_stm32f446xx.o
EXTI0_IRQHandler                                  build/startup_stm32f446xx.o
EXTI15_10_IRQHandler                              build/startup_stm32f446xx.o
EXTI1_IRQHandler                                  build/startup_stm32f446xx.o
EXTI2_IRQHandler                                  build/startup_stm32f446xx.o
EXTI3_IRQHandler                                  build/startup_stm32f446xx.o
EXTI4_IRQHandler                                  build/startup_stm32f446xx.o
EXTI9_5_IRQHandler                                build/startup_stm32f446xx.o
Error_Handler                                     build/main.o
                                                  build/stm32f4xx_hal_msp.o
                                                  build/uart_stm32f466.o
FLASH_Erase_Sector                                build/stm32f4xx_hal_flash_ex.o
                                                  build/stm32f4xx_hal_flash.o
FLASH_FlushCaches                                 build/stm32f4xx_hal_flash_ex.o
                                                  build/stm32f4xx_hal_flash.o
FLASH_IRQHandler                                  build/startup_stm32f446xx.o
FLASH_WaitForLastOperation                        build/stm32f4xx_hal_flash.o
                                                  build/stm32f4xx_hal_flash_ex.o
FMC_IRQHandler                                    build/startup_stm32f446xx.o